Microchip MPLAB XC8 Compiler V2.41

Linker command line:

-W-3 \
  --edf=C:/Program Files/Microchip/MPLABX/v6.10/packs/Microchip/PIC18F-J_DFP/1.6.157/xc8\pic\dat\20230323175406_en.msgs \
  -cn -h+dist/default/debug\PIC_program.debug.sym \
  --cmf=dist/default/debug\PIC_program.debug.cmf -z -Q18F97J60 \
  -oC:\Users\Alex\AppData\Local\Temp\xcAsnvo.\driver_tmp_3.o \
  --defsym=__MPLAB_BUILD=1 --fixupoverflow=error \
  -Mdist/default/debug/PIC_program.debug.map \
  --md=C:\Users\Alex\AppData\Local\Temp\xcAsnvo.\driver_tmp_0.dat -E1 \
  -ver=XC8 Compiler --acfsm=1493 -ACODE=00h-01FFF7h -ACONST=00h-01FFF7h \
  -ASMALLCONST=01000h-010FFhx495,01FF00h-01FFF7h \
  -AMEDIUMCONST=01000h-0FFFFh,011000h-01FFF7h -ACOMRAM=01h-05Fh \
  -AABS1=00h-0E7Fh,0F00h-0F5Fh -ABIGRAM=01h-0E7Fh,0F00h-0F5Fh \
  -ARAM=060h-0FFh,0100h-01FFhx13,0E00h-0E7Fh,0F00h-0F5Fh -ABANK0=060h-0FFh \
  -ABANK1=0100h-01FFh -ABANK2=0200h-02FFh -ABANK3=0300h-03FFh \
  -ABANK4=0400h-04FFh -ABANK5=0500h-05FFh -ABANK6=0600h-06FFh \
  -ABANK7=0700h-07FFh -ABANK8=0800h-08FFh -ABANK9=0900h-09FFh \
  -ABANK10=0A00h-0AFFh -ABANK11=0B00h-0BFFh -ABANK12=0C00h-0CFFh \
  -ABANK13=0D00h-0DFFh -ABANK14=0E00h-0E7Fh -ABANK15=0F00h-0F5Fh \
  -ASFR=0E80h-0EFFh,0F60h-0FFCh -ABIGSFR=0E80h-0EFFh,0F60h-0FFCh \
  -ACONFIG=01FFF8h-01FFFDh \
  -preset_vec=00h,intcode=08h,intcodelo,powerup,init -pramtop=01000h \
  -psmallconst=SMALLCONST -pmediumconst=MEDIUMCONST -pconst=CONST \
  -AFARRAM=00h-00h -pjflash_buffer=01F800h \
  -prdata=COMRAM,nvrram=COMRAM,nvbit=COMRAM,rbss=COMRAM,rbit=COMRAM \
  -pfarbss=FARRAM,fardata=FARRAM,nvFARRAM=FARRAM \
  -pintsave_regs=BIGRAM,bigbss=BIGRAM,bigdata=BIGRAM -pbss=RAM \
  -pidata=CODE,irdata=CODE,ibigdata=CODE,ifardata=CODE -prparam=COMRAM \
  C:\Users\Alex\AppData\Local\Temp\xcAsnvo.\driver_tmp_14.o \
  dist/default/debug\PIC_program.debug.o 

Object code version is 3.11

Machine type is 18F97J60



                Name                               Link     Load   Length Selector   Space Scale
C:\Users\Alex\AppData\Local\Temp\xcAsnvo.\driver_tmp_14.o
                config                            1FFF8    1FFF8        6        0       4
                init                                 B4       B4        4        4       0
                reset_vec                             0        0        6        0       0
dist/default/debug\PIC_program.debug.o
                intcode                               8        8       AC        4       0
                config                            1FFF8    1FFF8        6        0       4
                temp                                 5F       5F        1        1       1
                smallconst                         1000     1000       2A      800       0
                text76                             4D1C     4D1C       3A      815       0
                text75                             48EE     48EE       52      815       0
                text74                             4E88     4E88       2C      815       0
                text73                             5006     5006        6      815       0
                text72                             5014     5014        2      815       0
                text71                             5000     5000        6      815       0
                text70                             4380     4380       C0      815       0
                text69                             4F1C     4F1C       16      815       0
                text68                             476E     476E       6A      815       0
                text67                             4E2C     4E2C       30      815       0
                text66                             4DC4     4DC4       36      815       0
                text65                             4FDE     4FDE        E      815       0
                text64                             4F68     4F68       12      815       0
                text63                             4A30     4A30       4E      815       0
                text62                             4F56     4F56       12      815       0
                text61                             4FD0     4FD0        E      815       0
                text60                             4CA2     4CA2       40      815       0
                text59                             4E5C     4E5C       2C      815       0
                text58                             404E     404E       D6      815       0
                text57                             4B52     4B52       46      815       0
                text56                             4A7E     4A7E       48      815       0
                text55                             4614     4614       7A      815       0
                text54                             4D8E     4D8E       36      815       0
                text53                             3E80     3E80       F6      815       0
                text52                             2E14     2E14      39A      815       0
                text51                             262A     262A      42A      815       0
                text50                             216A     216A      4C0      815       0
                text49                             4B0C     4B0C       46      815       0
                text48                             36F2     36F2      1B4      815       0
                text47                             1A22     1A22      748      815       0
                text46                             42BC     42BC       C4      815       0
                text45                             4440     4440       B0      815       0
                text44                             4C62     4C62       40      815       0
                text43                             5012     5012        2      815       0
                text42                             41F2     41F2       CA      815       0
                text41                             4BDC     4BDC       44      815       0
                text40                             459A     459A       7A      815       0
                text39                             38A6     38A6      196      815       0
                text38                             44F0     44F0       AA      815       0
                text37                             3C7E     3C7E      104      815       0
                text36                             4D56     4D56       38      815       0
                text35                             3B78     3B78      106      815       0
                text34                             3D82     3D82       FE      815       0
                text33                             34E0     34E0      212      815       0
                text32                             47D8     47D8       66      815       0
                text31                             49E0     49E0       50      815       0
                text30                             4B98     4B98       44      815       0
                text29                             102A     102A      9F8      815       0
                text28                             4EB4     4EB4       26      815       0
                text27                             4124     4124       CE      815       0
                text26                             31AE     31AE      332      815       0
                text25                             489A     489A       54      815       0
                text24                             4990     4990       50      815       0
                text23                             2A54     2A54      3C0      815       0
                text21                             4702     4702       6C      815       0
                text20                             4DFA     4DFA       32      815       0
                text19                             4CE2     4CE2       3A      815       0
                text18                             4F7A     4F7A       10      815       0
                text17                             4F44     4F44       12      815       0
                text16                             4940     4940       50      815       0
                text15                             4F32     4F32       12      815       0
                text14                             4FC2     4FC2        E      815       0
                text13                             3F76     3F76       D8      815       0
                text12                             4AC6     4AC6       46      815       0
                text11                             3A3C     3A3C      13C      815       0
                text10                             4F06     4F06       16      815       0
                text9                              4FB4     4FB4        E      815       0
                text8                              4FA6     4FA6        E      815       0
                text7                              4F98     4F98        E      815       0
                text6                              4F8A     4F8A        E      815       0
                text5                              468E     468E       74      815       0
                text4                              500C     500C        4      815       0
                text3                              4FF6     4FF6        A      815       0
                text2                              4C20     4C20       42      815       0
                text1                              4EF0     4EF0       16      815       0
                text0                              4EDA     4EDA       16      815       0
                cstackCOMRAM                          1        1       5D        1       1
                cstackBANK0                          60       60       88       60       1
                cstackBANK1                         18C      18C       15      100       1
                dataBANK1                           1AD      1AD        A      100       1
                bssBANK1                            100      100       8C      100       1
                dataBANK0                            FD       FD        2       60       1
                bssBANK0                             E8       E8       15       60       1
                bssCOMRAM                            5E       5E        1        1       1
                cinit                              483E     483E       5C      815       0
                nvBANK1                             1A1      1A1        C      100       1
                idataBANK1                         4FEC     4FEC        A      815       0
                idataBANK0                         5010     5010        2      815       0

TOTAL           Name                               Link     Load   Length     Space
        CLASS   CODE           
                intcode                               8        8       AC         0
                init                                 B4       B4        4         0
                reset_vec                             0        0        6         0
                text76                             4D1C     4D1C       3A         0
                text75                             48EE     48EE       52         0
                text74                             4E88     4E88       2C         0
                text73                             5006     5006        6         0
                text72                             5014     5014        2         0
                text71                             5000     5000        6         0
                text70                             4380     4380       C0         0
                text69                             4F1C     4F1C       16         0
                text68                             476E     476E       6A         0
                text67                             4E2C     4E2C       30         0
                text66                             4DC4     4DC4       36         0
                text65                             4FDE     4FDE        E         0
                text64                             4F68     4F68       12         0
                text63                             4A30     4A30       4E         0
                text62                             4F56     4F56       12         0
                text61                             4FD0     4FD0        E         0
                text60                             4CA2     4CA2       40         0
                text59                             4E5C     4E5C       2C         0
                text58                             404E     404E       D6         0
                text57                             4B52     4B52       46         0
                text56                             4A7E     4A7E       48         0
                text55                             4614     4614       7A         0
                text54                             4D8E     4D8E       36         0
                text53                             3E80     3E80       F6         0
                text52                             2E14     2E14      39A         0
                text51                             262A     262A      42A         0
                text50                             216A     216A      4C0         0
                text49                             4B0C     4B0C       46         0
                text48                             36F2     36F2      1B4         0
                text47                             1A22     1A22      748         0
                text46                             42BC     42BC       C4         0
                text45                             4440     4440       B0         0
                text44                             4C62     4C62       40         0
                text43                             5012     5012        2         0
                text42                             41F2     41F2       CA         0
                text41                             4BDC     4BDC       44         0
                text40                             459A     459A       7A         0
                text39                             38A6     38A6      196         0
                text38                             44F0     44F0       AA         0
                text37                             3C7E     3C7E      104         0
                text36                             4D56     4D56       38         0
                text35                             3B78     3B78      106         0
                text34                             3D82     3D82       FE         0
                text33                             34E0     34E0      212         0
                text32                             47D8     47D8       66         0
                text31                             49E0     49E0       50         0
                text30                             4B98     4B98       44         0
                text29                             102A     102A      9F8         0
                text28                             4EB4     4EB4       26         0
                text27                             4124     4124       CE         0
                text26                             31AE     31AE      332         0
                text25                             489A     489A       54         0
                text24                             4990     4990       50         0
                text23                             2A54     2A54      3C0         0
                text21                             4702     4702       6C         0
                text20                             4DFA     4DFA       32         0
                text19                             4CE2     4CE2       3A         0
                text18                             4F7A     4F7A       10         0
                text17                             4F44     4F44       12         0
                text16                             4940     4940       50         0
                text15                             4F32     4F32       12         0
                text14                             4FC2     4FC2        E         0
                text13                             3F76     3F76       D8         0
                text12                             4AC6     4AC6       46         0
                text11                             3A3C     3A3C      13C         0
                text10                             4F06     4F06       16         0
                text9                              4FB4     4FB4        E         0
                text8                              4FA6     4FA6        E         0
                text7                              4F98     4F98        E         0
                text6                              4F8A     4F8A        E         0
                text5                              468E     468E       74         0
                text4                              500C     500C        4         0
                text3                              4FF6     4FF6        A         0
                text2                              4C20     4C20       42         0
                text1                              4EF0     4EF0       16         0
                text0                              4EDA     4EDA       16         0
                cinit                              483E     483E       5C         0
                idataBANK1                         4FEC     4FEC        A         0
                idataBANK0                         5010     5010        2         0

        CLASS   CONST          

        CLASS   SMALLCONST     
                smallconst                         1000     1000       2A         0

        CLASS   MEDIUMCONST    

        CLASS   COMRAM         
                temp                                 5F       5F        1         1
                cstackCOMRAM                          1        1       5D         1
                bssCOMRAM                            5E       5E        1         1

        CLASS   ABS1           

        CLASS   BIGRAM         

        CLASS   RAM            

        CLASS   BANK0          
                cstackBANK0                          60       60       88         1
                dataBANK0                            FD       FD        2         1
                bssBANK0                             E8       E8       15         1

        CLASS   BANK1          
                cstackBANK1                         18C      18C       15         1
                dataBANK1                           1AD      1AD        A         1
                bssBANK1                            100      100       8C         1
                nvBANK1                             1A1      1A1        C         1

        CLASS   BANK2          

        CLASS   BANK3          

        CLASS   BANK4          

        CLASS   BANK5          

        CLASS   BANK6          

        CLASS   BANK7          

        CLASS   BANK8          

        CLASS   BANK9          

        CLASS   BANK10         

        CLASS   BANK11         

        CLASS   BANK12         

        CLASS   BANK13         

        CLASS   BANK14         

        CLASS   BANK15         

        CLASS   SFR            

        CLASS   BIGSFR         

        CLASS   CONFIG         
                config                            1FFF8    1FFF8        6         4

        CLASS   FARRAM         

        CLASS   HEAP           

        CLASS   STACK          

        CLASS   IDLOC          



SEGMENTS        Name                           Load    Length   Top    Selector   Space  Class

                reset_vec                      000000  000006  000006         0       0  CODE    
                cstackCOMRAM                   000001  00005F  000060         1       1  COMRAM  
                intcode                        000008  0000B0  0000B8         4       0  CODE    
                cstackBANK0                    000060  00009F  0000FF        60       1  BANK0   
                bssBANK1                       000100  0000B7  0001B7       100       1  BANK1   
                smallconst                     001000  00002A  00102A       800       0  SMALLCON
                text29                         00102A  003FEC  005016       815       0  CODE    


UNUSED ADDRESS RANGES

        Name                Unused          Largest block    Delta
        BANK0            000FF-000FF               1
        BANK1            001B7-001FF              49
        BANK10           00A00-00AFF             100
        BANK11           00B00-00BFF             100
        BANK12           00C00-00CFF             100
        BANK13           00D00-00DFF             100
        BANK14           00E00-00E7F              80
        BANK15           00F00-00F5F              60
        BANK2            00200-002FF             100
        BANK3            00300-003FF             100
        BANK4            00400-004FF             100
        BANK5            00500-005FF             100
        BANK6            00600-006FF             100
        BANK7            00700-007FF             100
        BANK8            00800-008FF             100
        BANK9            00900-009FF             100
        BIGRAM           000FF-000FF               1
                         001B7-00E7F             CC9
                         00F00-00F5F              60
        BIGSFR           00E80-00EFF              80
                         00F60-00FFC              9D
        CODE             00006-00007               2
                         000B8-00FFF             F48
                         05016-1FFF7           1AFE2
        CONST            00006-00007               2
                         000B8-00FFF             F48
                         05016-1FFF7           1AFE2
        MEDIUMCONST      05016-0FFFF            AFEA
                         11000-1FFF7            EFF8
        RAM              000FF-000FF               1
                         001B7-00E7F             100
                         00F00-00F5F              60
        SFR              00E80-00EFF              80
                         00F60-00FFC              9D
        SMALLCONST       05016-1FFF7             100

                                  Symbol Table

?_ADC_GetConversion                             cstackCOMRAM  00001
?___awdiv                                       cstackCOMRAM  00001
?___awmod                                       cstackCOMRAM  00001
?___fladd                                       cstackCOMRAM  00033
?___fldiv                                       cstackCOMRAM  0001A
?___flmul                                       cstackCOMRAM  00001
?___flneg                                       cstackCOMRAM  00001
?___flsub                                       cstackCOMRAM  00043
?___fltol                                       cstackCOMRAM  00001
?___fpclassifyf                                 cstackCOMRAM  00001
?___wmul                                        cstackCOMRAM  00001
?___xxtofl                                      cstackCOMRAM  00006
?_abs                                           cstackCOMRAM  00007
?_floorf                                        cstackCOMRAM  00033
?_labs                                          cstackCOMRAM  00001
?_logf                                          cstackCOMRAM  0004B
?_read_prec_or_width                            cstackCOMRAM  00007
?_sprintf                                       cstackBANK0   000A2
?_strlen                                        cstackCOMRAM  00001
?_vfprintf                                      cstackBANK0   00093
ADC_GetConversion@channel                       cstackCOMRAM  00005
EUSART1_Read@readValue                          cstackCOMRAM  00001
EUSART1_SetErrorHandler@interruptHandler        cstackBANK1   0018C
EUSART1_SetFramingErrorHandler@interruptHandler cstackBANK1   0018C
EUSART1_SetOverrunErrorHandler@interruptHandler cstackBANK1   0018C
EUSART1_SetRxInterruptHandler@interruptHandler  cstackBANK1   0018C
EUSART1_Write@txData                            cstackCOMRAM  00001
HandleInterrupt@i                               cstackBANK0   000D6
HandleInterrupt@i_1054                          cstackBANK0   000D8
HandleInterrupt@len                             cstackBANK0   000DB
HandleInterrupt@potValue                        cstackBANK0   000C1
HandleInterrupt@received                        cstackBANK0   000DA
HandleInterrupt@temperature                     cstackBANK0   000BB
LCD_4bitCode@code                               cstackBANK1   00191
LCD_4bitCodeNoWait@code                         cstackBANK1   0018C
LCD_8bitCode@code                               cstackBANK1   00191
LCD_8bitCodeNoWait@code                         cstackBANK1   0018C
LCD_Code@code                                   cstackBANK1   00193
LCD_MoveCursorLeft@amound                       cstackCOMRAM  00010
LCD_MoveCursorRight@amount                      cstackCOMRAM  00010
LCD_PrintChar@inputChar                         cstackCOMRAM  00014
LCD_PrintStr@delay                              cstackCOMRAM  00017
LCD_PrintStr@i                                  cstackCOMRAM  0001D
LCD_PrintStr@initialX                           cstackCOMRAM  00019
LCD_PrintStr@initialY                           cstackCOMRAM  0001B
LCD_PrintStr@str                                cstackCOMRAM  00015
LCD_SetCursorAt@x                               cstackBANK1   00195
LCD_SetCursorAt@y                               cstackBANK1   00197
_ADCON0                                         (abs)         00FC2
_ADCON0bits                                     (abs)         00FC2
_ADCON1                                         (abs)         00FC1
_ADCON1bits                                     (abs)         00FC1
_ADCON2                                         (abs)         00FC0
_ADC_GetConversion                              text76        04D1C
_ADC_Initialize                                 text10        04F06
_ADC_InterruptHandler                           bssBANK1      00110
_ADRESH                                         (abs)         00FC4
_ADRESL                                         (abs)         00FC3
_BAUDCON1                                       (abs)         00F7E
_EUSART1_DefaultErrorHandler                    text73        05006
_EUSART1_DefaultFramingErrorHandler             text72        05014
_EUSART1_DefaultOverrunErrorHandler             text71        05000
_EUSART1_ErrorHandler                           nvBANK1       001A1
_EUSART1_FramingErrorHandler                    nvBANK1       001A7
_EUSART1_Initialize                             text5         0468E
_EUSART1_OverrunErrorHandler                    nvBANK1       001A4
_EUSART1_Read                                   text75        048EE
_EUSART1_Receive_ISR                            text70        04380
_EUSART1_RxDataHandler                          text74        04E88
_EUSART1_RxDefaultInterruptHandler              nvBANK1       001AA
_EUSART1_SetErrorHandler                        text9         04FB4
_EUSART1_SetFramingErrorHandler                 text8         04FA6
_EUSART1_SetOverrunErrorHandler                 text7         04F98
_EUSART1_SetRxInterruptHandler                  text6         04F8A
_EUSART1_Write                                  text69        04F1C
_HandleInterrupt                                text23        02A54
_HandleInterrupt$2530                           cstackBANK0   000C6
_HandleInterrupt$2531                           cstackBANK0   000CA
_HandleInterrupt$2532                           cstackBANK0   000CE
_HandleInterrupt$2533                           cstackBANK0   000D2
_INTCONbits                                     (abs)         00FF2
_INTERRUPT_Initialize                           text4         0500C
_INTERRUPT_InterruptManager                     intcode       00008
_LATA                                           (abs)         00F89
_LATB                                           (abs)         00F8A
_LATC                                           (abs)         00F8B
_LATD                                           (abs)         00F8C
_LATE                                           (abs)         00F8D
_LATF                                           (abs)         00F8E
_LATG                                           (abs)         00F8F
_LATH                                           (abs)         00F90
_LATJ                                           (abs)         00F91
_LCD_4bitCode                                   text17        04F44
_LCD_4bitCodeNoWait                             text21        04702
_LCD_8bitCode                                   text15        04F32
_LCD_8bitCodeNoWait                             text16        04940
_LCD_Clear                                      text59        04E5C
_LCD_Code                                       text14        04FC2
_LCD_Init                                       text11        03A3C
_LCD_MoveCursorLeft                             text57        04B52
_LCD_MoveCursorRight                            text56        04A7E
_LCD_PrintChar                                  text55        04614
_LCD_PrintStr                                   text53        03E80
_LCD_SetCursorAt                                text13        03F76
_LCD_Wait                                       text18        04F7A
_LCD_isCursorBlinking                           bssBANK1      00113
_LCD_isCursorMoving                             dataBANK0     000FD
_LCD_isCursorOn                                 dataBANK1     001AD
_LCD_isDisplayOn                                dataBANK1     001AF
_LCD_isIncrement                                dataBANK1     001B1
_LCD_isShift                                    bssBANK1      00115
_LCD_posX                                       dataBANK1     001B5
_LCD_posY                                       dataBANK1     001B3
_OSCCON                                         (abs)         00FD3
_OSCILLATOR_Initialize                          text3         04FF6
_OSCTUNE                                        (abs)         00F9B
_PIE1bits                                       (abs)         00F9D
_PIN_MANAGER_Initialize                         text2         04C20
_PIR1bits                                       (abs)         00F9E
_PORTBbits                                      (abs)         00F81
_PORTE                                          (abs)         00F84
_PORTEbits                                      (abs)         00F84
_PORTGbits                                      (abs)         00F86
_PORTHbits                                      (abs)         00F87
_PORTJbits                                      (abs)         00F88
_RCONbits                                       (abs)         00FD0
_RCREG1                                         (abs)         00FAE
_RCSTA1                                         (abs)         00FAB
_RCSTA1bits                                     (abs)         00FAB
_SPBRG1                                         (abs)         00FAF
_SPBRGH1                                        (abs)         00F7F
_SYSTEM_Initialize                              text1         04EF0
_TRISA                                          (abs)         00F92
_TRISB                                          (abs)         00F93
_TRISC                                          (abs)         00F94
_TRISD                                          (abs)         00F95
_TRISE                                          (abs)         00F96
_TRISF                                          (abs)         00F97
_TRISG                                          (abs)         00F98
_TRISGbits                                      (abs)         00F98
_TRISH                                          (abs)         00F99
_TRISHbits                                      (abs)         00F99
_TRISJ                                          (abs)         00F9A
_TXREG1                                         (abs)         00FAD
_TXSTA1                                         (abs)         00FAC
_TXSTA1bits                                     (abs)         00FAC
__HRAM                                          (abs)         00000
__H__absolute__                                 __absolute__  00000
__Habs1                                         abs1          00000
__Hbank0                                        bank0         00000
__Hbank1                                        bank1         00000
__Hbank10                                       bank10        00000
__Hbank11                                       bank11        00000
__Hbank12                                       bank12        00000
__Hbank13                                       bank13        00000
__Hbank14                                       bank14        00000
__Hbank15                                       bank15        00000
__Hbank2                                        bank2         00000
__Hbank3                                        bank3         00000
__Hbank4                                        bank4         00000
__Hbank5                                        bank5         00000
__Hbank6                                        bank6         00000
__Hbank7                                        bank7         00000
__Hbank8                                        bank8         00000
__Hbank9                                        bank9         00000
__Hbigbss                                       bigbss        00000
__Hbigdata                                      bigdata       00000
__Hbigram                                       bigram        00000
__Hbigsfr                                       bigsfr        00000
__Hbss                                          bss           00000
__HbssBANK0                                     bssBANK0      00000
__HbssBANK1                                     bssBANK1      00000
__HbssCOMRAM                                    bssCOMRAM     00000
__Hcinit                                        cinit         00000
__Hclrtext                                      clrtext       00000
__Hcomram                                       comram        00000
__Hconfig                                       config        1FFFE
__Hconst                                        const         00000
__HcstackBANK0                                  cstackBANK0   00000
__HcstackBANK1                                  cstackBANK1   00000
__HcstackCOMRAM                                 cstackCOMRAM  00000
__Hdata                                         data          00000
__HdataBANK0                                    dataBANK0     00000
__HdataBANK1                                    dataBANK1     00000
__Hfarbss                                       farbss        00000
__Hfardata                                      fardata       00000
__Hheap                                         heap          00000
__Hibigdata                                     ibigdata      00000
__Hidata                                        idata         00000
__HidataBANK0                                   idataBANK0    00000
__HidataBANK1                                   idataBANK1    00000
__Hidloc                                        idloc         00000
__Hifardata                                     ifardata      00000
__Hinit                                         init          000B8
__Hintcode                                      intcode       000B4
__Hintcode_body                                 intcode_body  00000
__Hintcodelo                                    intcodelo     000B4
__Hintentry                                     intentry      00000
__Hintret                                       intret        00000
__Hintsave_regs                                 intsave_regs  00000
__Hirdata                                       irdata        00000
__Hjflash_buffer                                jflash_buffer 1F800
__Hmediumconst                                  mediumconst   00000
__HnvBANK1                                      nvBANK1       00000
__HnvFARRAM                                     nvFARRAM      00000
__Hnvbit                                        nvbit         00000
__Hnvrram                                       nvrram        00000
__Hparam                                        rparam        00000
__Hpowerup                                      powerup       000B4
__Hram                                          ram           00000
__Hramtop                                       ramtop        01000
__Hrbit                                         rbit          00000
__Hrbss                                         rbss          00000
__Hrdata                                        rdata         00000
__Hreset_vec                                    reset_vec     00006
__Hrparam                                       rparam        00000
__Hsfr                                          sfr           00000
__Hsmallconst                                   smallconst    0102A
__Hspace_0                                      (abs)         1F800
__Hspace_1                                      (abs)         001B7
__Hspace_2                                      (abs)         00000
__Hspace_4                                      (abs)         3FFF6
__Hstack                                        stack         00000
__Hstruct                                       struct        00000
__Htemp                                         temp          00060
__Htext                                         text          00000
__Htext0                                        text0         00000
__Htext1                                        text1         00000
__Htext10                                       text10        00000
__Htext11                                       text11        00000
__Htext12                                       text12        00000
__Htext13                                       text13        00000
__Htext14                                       text14        00000
__Htext15                                       text15        00000
__Htext16                                       text16        00000
__Htext17                                       text17        00000
__Htext18                                       text18        00000
__Htext19                                       text19        00000
__Htext2                                        text2         00000
__Htext20                                       text20        00000
__Htext21                                       text21        00000
__Htext23                                       text23        00000
__Htext24                                       text24        00000
__Htext25                                       text25        00000
__Htext26                                       text26        00000
__Htext27                                       text27        00000
__Htext28                                       text28        00000
__Htext29                                       text29        00000
__Htext3                                        text3         00000
__Htext30                                       text30        00000
__Htext31                                       text31        00000
__Htext32                                       text32        00000
__Htext33                                       text33        00000
__Htext34                                       text34        00000
__Htext35                                       text35        00000
__Htext36                                       text36        00000
__Htext37                                       text37        00000
__Htext38                                       text38        00000
__Htext39                                       text39        00000
__Htext4                                        text4         00000
__Htext40                                       text40        00000
__Htext41                                       text41        00000
__Htext42                                       text42        00000
__Htext43                                       text43        00000
__Htext44                                       text44        00000
__Htext45                                       text45        00000
__Htext46                                       text46        00000
__Htext47                                       text47        00000
__Htext48                                       text48        00000
__Htext49                                       text49        00000
__Htext5                                        text5         00000
__Htext50                                       text50        00000
__Htext51                                       text51        00000
__Htext52                                       text52        00000
__Htext53                                       text53        00000
__Htext54                                       text54        00000
__Htext55                                       text55        00000
__Htext56                                       text56        00000
__Htext57                                       text57        00000
__Htext58                                       text58        00000
__Htext59                                       text59        00000
__Htext6                                        text6         00000
__Htext60                                       text60        00000
__Htext61                                       text61        00000
__Htext62                                       text62        00000
__Htext63                                       text63        00000
__Htext64                                       text64        00000
__Htext65                                       text65        00000
__Htext66                                       text66        00000
__Htext67                                       text67        00000
__Htext68                                       text68        00000
__Htext69                                       text69        00000
__Htext7                                        text7         00000
__Htext70                                       text70        00000
__Htext71                                       text71        00000
__Htext72                                       text72        00000
__Htext73                                       text73        00000
__Htext74                                       text74        00000
__Htext75                                       text75        00000
__Htext76                                       text76        00000
__Htext77                                       text77        00000
__Htext8                                        text8         00000
__Htext9                                        text9         00000
__LRAM                                          (abs)         00001
__L__absolute__                                 __absolute__  00000
__Labs1                                         abs1          00000
__Lbank0                                        bank0         00000
__Lbank1                                        bank1         00000
__Lbank10                                       bank10        00000
__Lbank11                                       bank11        00000
__Lbank12                                       bank12        00000
__Lbank13                                       bank13        00000
__Lbank14                                       bank14        00000
__Lbank15                                       bank15        00000
__Lbank2                                        bank2         00000
__Lbank3                                        bank3         00000
__Lbank4                                        bank4         00000
__Lbank5                                        bank5         00000
__Lbank6                                        bank6         00000
__Lbank7                                        bank7         00000
__Lbank8                                        bank8         00000
__Lbank9                                        bank9         00000
__Lbigbss                                       bigbss        00000
__Lbigdata                                      bigdata       00000
__Lbigram                                       bigram        00000
__Lbigsfr                                       bigsfr        00000
__Lbss                                          bss           00000
__LbssBANK0                                     bssBANK0      00000
__LbssBANK1                                     bssBANK1      00000
__LbssCOMRAM                                    bssCOMRAM     00000
__Lcinit                                        cinit         00000
__Lclrtext                                      clrtext       00000
__Lcomram                                       comram        00000
__Lconfig                                       config        00000
__Lconst                                        const         00000
__LcstackBANK0                                  cstackBANK0   00000
__LcstackBANK1                                  cstackBANK1   00000
__LcstackCOMRAM                                 cstackCOMRAM  00000
__Ldata                                         data          00000
__LdataBANK0                                    dataBANK0     00000
__LdataBANK1                                    dataBANK1     00000
__Lfarbss                                       farbss        00000
__Lfardata                                      fardata       00000
__Lheap                                         heap          00000
__Libigdata                                     ibigdata      00000
__Lidata                                        idata         00000
__LidataBANK0                                   idataBANK0    00000
__LidataBANK1                                   idataBANK1    00000
__Lidloc                                        idloc         00000
__Lifardata                                     ifardata      00000
__Linit                                         init          000B4
__Lintcode                                      intcode       00008
__Lintcode_body                                 intcode_body  00000
__Lintcodelo                                    intcodelo     000B4
__Lintentry                                     intentry      00000
__Lintret                                       intret        00000
__Lintsave_regs                                 intsave_regs  00000
__Lirdata                                       irdata        00000
__Ljflash_buffer                                jflash_buffer 1F800
__Lmediumconst                                  mediumconst   00000
__LnvBANK1                                      nvBANK1       00000
__LnvFARRAM                                     nvFARRAM      00000
__Lnvbit                                        nvbit         00000
__Lnvrram                                       nvrram        00000
__Lparam                                        rparam        00000
__Lpowerup                                      powerup       000B4
__Lram                                          ram           00000
__Lramtop                                       ramtop        01000
__Lrbit                                         rbit          00000
__Lrbss                                         rbss          00000
__Lrdata                                        rdata         00000
__Lreset_vec                                    reset_vec     00000
__Lrparam                                       rparam        00000
__Lsfr                                          sfr           00000
__Lsmallconst                                   smallconst    01000
__Lspace_0                                      (abs)         00000
__Lspace_1                                      (abs)         00000
__Lspace_2                                      (abs)         00000
__Lspace_4                                      (abs)         00000
__Lstack                                        stack         00000
__Lstruct                                       struct        00000
__Ltemp                                         temp          0005F
__Ltext                                         text          00000
__Ltext0                                        text0         00000
__Ltext1                                        text1         00000
__Ltext10                                       text10        00000
__Ltext11                                       text11        00000
__Ltext12                                       text12        00000
__Ltext13                                       text13        00000
__Ltext14                                       text14        00000
__Ltext15                                       text15        00000
__Ltext16                                       text16        00000
__Ltext17                                       text17        00000
__Ltext18                                       text18        00000
__Ltext19                                       text19        00000
__Ltext2                                        text2         00000
__Ltext20                                       text20        00000
__Ltext21                                       text21        00000
__Ltext23                                       text23        00000
__Ltext24                                       text24        00000
__Ltext25                                       text25        00000
__Ltext26                                       text26        00000
__Ltext27                                       text27        00000
__Ltext28                                       text28        00000
__Ltext29                                       text29        00000
__Ltext3                                        text3         00000
__Ltext30                                       text30        00000
__Ltext31                                       text31        00000
__Ltext32                                       text32        00000
__Ltext33                                       text33        00000
__Ltext34                                       text34        00000
__Ltext35                                       text35        00000
__Ltext36                                       text36        00000
__Ltext37                                       text37        00000
__Ltext38                                       text38        00000
__Ltext39                                       text39        00000
__Ltext4                                        text4         00000
__Ltext40                                       text40        00000
__Ltext41                                       text41        00000
__Ltext42                                       text42        00000
__Ltext43                                       text43        00000
__Ltext44                                       text44        00000
__Ltext45                                       text45        00000
__Ltext46                                       text46        00000
__Ltext47                                       text47        00000
__Ltext48                                       text48        00000
__Ltext49                                       text49        00000
__Ltext5                                        text5         00000
__Ltext50                                       text50        00000
__Ltext51                                       text51        00000
__Ltext52                                       text52        00000
__Ltext53                                       text53        00000
__Ltext54                                       text54        00000
__Ltext55                                       text55        00000
__Ltext56                                       text56        00000
__Ltext57                                       text57        00000
__Ltext58                                       text58        00000
__Ltext59                                       text59        00000
__Ltext6                                        text6         00000
__Ltext60                                       text60        00000
__Ltext61                                       text61        00000
__Ltext62                                       text62        00000
__Ltext63                                       text63        00000
__Ltext64                                       text64        00000
__Ltext65                                       text65        00000
__Ltext66                                       text66        00000
__Ltext67                                       text67        00000
__Ltext68                                       text68        00000
__Ltext69                                       text69        00000
__Ltext7                                        text7         00000
__Ltext70                                       text70        00000
__Ltext71                                       text71        00000
__Ltext72                                       text72        00000
__Ltext73                                       text73        00000
__Ltext74                                       text74        00000
__Ltext75                                       text75        00000
__Ltext76                                       text76        00000
__Ltext77                                       text77        00000
__Ltext8                                        text8         00000
__Ltext9                                        text9         00000
__S0                                            (abs)         05016
__S1                                            (abs)         001B7
__S4                                            (abs)         00000
___awdiv                                        text46        042BC
___awdiv@counter                                cstackCOMRAM  00005
___awdiv@dividend                               cstackCOMRAM  00001
___awdiv@divisor                                cstackCOMRAM  00003
___awdiv@quotient                               cstackCOMRAM  00007
___awdiv@sign                                   cstackCOMRAM  00006
___awmod                                        text45        04440
___awmod@counter                                cstackCOMRAM  00005
___awmod@dividend                               cstackCOMRAM  00001
___awmod@divisor                                cstackCOMRAM  00003
___awmod@sign                                   cstackCOMRAM  00006
___delay                                        text20        04DFA
___delay@i                                      cstackBANK1   0018F
___delay@time                                   cstackBANK1   0018C
___extmem_base                                  (abs)         20000
___fladd                                        text50        0216A
___fladd@a                                      cstackCOMRAM  00037
___fladd@aexp                                   cstackCOMRAM  00040
___fladd@b                                      cstackCOMRAM  00033
___fladd@bexp                                   cstackCOMRAM  00041
___fladd@grs                                    cstackCOMRAM  00042
___fladd@signs                                  cstackCOMRAM  0003F
___fldiv                                        text52        02E14
___fldiv@a                                      cstackCOMRAM  0001E
___fldiv@aexp                                   cstackCOMRAM  00032
___fldiv@b                                      cstackCOMRAM  0001A
___fldiv@bexp                                   cstackCOMRAM  00031
___fldiv@grs                                    cstackCOMRAM  0002D
___fldiv@new_exp                                cstackCOMRAM  0002B
___fldiv@rem                                    cstackCOMRAM  00026
___fldiv@sign                                   cstackCOMRAM  0002A
___fleq                                         text38        044F0
___fleq@ff1                                     cstackCOMRAM  00001
___fleq@ff2                                     cstackCOMRAM  00005
___flge                                         text37        03C7E
___flge@ff1                                     cstackCOMRAM  0001A
___flge@ff2                                     cstackCOMRAM  0001E
___flmul                                        text51        0262A
___flmul@a                                      cstackCOMRAM  00005
___flmul@aexp                                   cstackCOMRAM  00012
___flmul@b                                      cstackCOMRAM  00001
___flmul@bexp                                   cstackCOMRAM  00013
___flmul@grs                                    cstackCOMRAM  0000E
___flmul@prod                                   cstackCOMRAM  00014
___flmul@sign                                   cstackCOMRAM  0000D
___flmul@temp                                   cstackCOMRAM  00018
___flneg                                        text36        04D56
___flneg@f1                                     cstackCOMRAM  00001
___flsub                                        text49        04B0C
___flsub@a                                      cstackCOMRAM  00047
___flsub@b                                      cstackCOMRAM  00043
___fltol                                        text35        03B78
___fltol@exp1                                   cstackCOMRAM  0000A
___fltol@f1                                     cstackCOMRAM  00001
___fltol@sign1                                  cstackCOMRAM  00009
___fpclassifyf                                  text34        03D82
___fpclassifyf@F465                             bssBANK0      000EC
___fpclassifyf@e                                cstackCOMRAM  00009
___fpclassifyf@u                                cstackCOMRAM  0000B
___fpclassifyf@x                                cstackCOMRAM  00001
___heap_hi                                      (abs)         00000
___heap_lo                                      (abs)         00000
___inthi_sp                                     stack         00000
___intlo_sp                                     stack         00000
___param_bank                                   (abs)         00000
___rparam_used                                  (abs)         00001
___sp                                           stack         00000
___wmul                                         text28        04EB4
___wmul@multiplicand                            cstackCOMRAM  00003
___wmul@multiplier                              cstackCOMRAM  00001
___wmul@product                                 cstackCOMRAM  00005
___xxtofl                                       text48        036F2
___xxtofl@arg                                   cstackCOMRAM  00010
___xxtofl@exp                                   cstackCOMRAM  0000F
___xxtofl@sign                                  cstackCOMRAM  0000E
___xxtofl@val                                   cstackCOMRAM  00006
__accesstop                                     (abs)         00060
__activetblptr                                  (abs)         00003
__delay_ms                                      text12        04AC6
__delay_ms@i                                    cstackBANK1   0018F
__delay_ms@ms                                   cstackBANK1   0018C
__delay_us                                      text19        04CE2
__delay_us@i                                    cstackBANK1   0018F
__delay_us@us                                   cstackBANK1   0018C
__end_of_ADC_GetConversion                      text76        04D56
__end_of_ADC_Initialize                         text10        04F1C
__end_of_EUSART1_DefaultErrorHandler            text73        0500C
__end_of_EUSART1_DefaultFramingErrorHandler     text72        05016
__end_of_EUSART1_DefaultOverrunErrorHandler     text71        05006
__end_of_EUSART1_Initialize                     text5         04702
__end_of_EUSART1_Read                           text75        04940
__end_of_EUSART1_Receive_ISR                    text70        04440
__end_of_EUSART1_RxDataHandler                  text74        04EB4
__end_of_EUSART1_SetErrorHandler                text9         04FC2
__end_of_EUSART1_SetFramingErrorHandler         text8         04FB4
__end_of_EUSART1_SetOverrunErrorHandler         text7         04FA6
__end_of_EUSART1_SetRxInterruptHandler          text6         04F98
__end_of_EUSART1_Write                          text69        04F32
__end_of_HandleInterrupt                        text23        02E14
__end_of_INTERRUPT_Initialize                   text4         05010
__end_of_INTERRUPT_InterruptManager             intcode       000B4
__end_of_LCD_4bitCode                           text17        04F56
__end_of_LCD_4bitCodeNoWait                     text21        0476E
__end_of_LCD_8bitCode                           text15        04F44
__end_of_LCD_8bitCodeNoWait                     text16        04990
__end_of_LCD_Clear                              text59        04E88
__end_of_LCD_Code                               text14        04FD0
__end_of_LCD_Init                               text11        03B78
__end_of_LCD_MoveCursorLeft                     text57        04B98
__end_of_LCD_MoveCursorRight                    text56        04AC6
__end_of_LCD_PrintChar                          text55        0468E
__end_of_LCD_PrintStr                           text53        03F76
__end_of_LCD_SetCursorAt                        text13        0404E
__end_of_LCD_Wait                               text18        04F8A
__end_of_Lg1                                    smallconst    01011
__end_of_Lg2                                    smallconst    0100D
__end_of_Lg3                                    smallconst    01009
__end_of_Lg4                                    smallconst    01005
__end_of_OSCILLATOR_Initialize                  text3         05000
__end_of_PIN_MANAGER_Initialize                 text2         04C62
__end_of_SYSTEM_Initialize                      text1         04F06
__end_of___awdiv                                text46        04380
__end_of___awmod                                text45        044F0
__end_of___delay                                text20        04E2C
__end_of___fladd                                text50        0262A
__end_of___fldiv                                text52        031AE
__end_of___fleq                                 text38        0459A
__end_of___flge                                 text37        03D82
__end_of___flmul                                text51        02A54
__end_of___flneg                                text36        04D8E
__end_of___flsub                                text49        04B52
__end_of___fltol                                text35        03C7E
__end_of___fpclassifyf                          text34        03E80
__end_of___wmul                                 text28        04EDA
__end_of___xxtofl                               text48        038A6
__end_of__delay_ms                              text12        04B0C
__end_of__delay_us                              text19        04D1C
__end_of__initialization                        cinit         04890
__end_of_abs                                    text44        04CA2
__end_of_dtoa                                   text39        03A3C
__end_of_efgtoa                                 text29        01A22
__end_of_floorf                                 text33        036F2
__end_of_fputc                                  text42        042BC
__end_of_fputs                                  text41        04C20
__end_of_labs                                   text32        0483E
__end_of_ln2_hi                                 smallconst    01019
__end_of_ln2_lo                                 smallconst    01015
__end_of_logf                                   text47        0216A
__end_of_main                                   text0         04EF0
__end_of_memcpy                                 text31        04A30
__end_of_pad                                    text40        04614
__end_of_putch                                  text43        05014
__end_of_read_prec_or_width                     text27        041F2
__end_of_sprintf                                text24        049E0
__end_of_strcpy                                 text30        04BDC
__end_of_strlen                                 text54        04DC4
__end_of_vfpfcnvrt                              text26        034E0
__end_of_vfprintf                               text25        048EE
__end_ofi2_LCD_4bitCode                         text64        04F7A
__end_ofi2_LCD_4bitCodeNoWait                   text68        047D8
__end_ofi2_LCD_8bitCode                         text62        04F68
__end_ofi2_LCD_8bitCodeNoWait                   text63        04A7E
__end_ofi2_LCD_Code                             text61        04FDE
__end_ofi2_LCD_SetCursorAt                      text58        04124
__end_ofi2_LCD_Wait                             text65        04FEC
__end_ofi2___delay                              text67        04E5C
__end_ofi2__delay_ms                            text60        04CE2
__end_ofi2__delay_us                            text66        04DFA
__initialization                                cinit         0483E
__mediumconst                                   mediumconst   00000
__pbssBANK0                                     bssBANK0      000E8
__pbssBANK1                                     bssBANK1      00100
__pbssCOMRAM                                    bssCOMRAM     0005E
__pcinit                                        cinit         0483E
__pcstackBANK0                                  cstackBANK0   00060
__pcstackBANK1                                  cstackBANK1   0018C
__pcstackCOMRAM                                 cstackCOMRAM  00001
__pdataBANK0                                    dataBANK0     000FD
__pdataBANK1                                    dataBANK1     001AD
__pidataBANK0                                   idataBANK0    05010
__pidataBANK1                                   idataBANK1    04FEC
__pintcode                                      intcode       00008
__pnvBANK1                                      nvBANK1       001A1
__psmallconst                                   smallconst    01000
__ptext0                                        text0         04EDA
__ptext1                                        text1         04EF0
__ptext10                                       text10        04F06
__ptext11                                       text11        03A3C
__ptext12                                       text12        04AC6
__ptext13                                       text13        03F76
__ptext14                                       text14        04FC2
__ptext15                                       text15        04F32
__ptext16                                       text16        04940
__ptext17                                       text17        04F44
__ptext18                                       text18        04F7A
__ptext19                                       text19        04CE2
__ptext2                                        text2         04C20
__ptext20                                       text20        04DFA
__ptext21                                       text21        04702
__ptext23                                       text23        02A54
__ptext24                                       text24        04990
__ptext25                                       text25        0489A
__ptext26                                       text26        031AE
__ptext27                                       text27        04124
__ptext28                                       text28        04EB4
__ptext29                                       text29        0102A
__ptext3                                        text3         04FF6
__ptext30                                       text30        04B98
__ptext31                                       text31        049E0
__ptext32                                       text32        047D8
__ptext33                                       text33        034E0
__ptext34                                       text34        03D82
__ptext35                                       text35        03B78
__ptext36                                       text36        04D56
__ptext37                                       text37        03C7E
__ptext38                                       text38        044F0
__ptext39                                       text39        038A6
__ptext4                                        text4         0500C
__ptext40                                       text40        0459A
__ptext41                                       text41        04BDC
__ptext42                                       text42        041F2
__ptext43                                       text43        05012
__ptext44                                       text44        04C62
__ptext45                                       text45        04440
__ptext46                                       text46        042BC
__ptext47                                       text47        01A22
__ptext48                                       text48        036F2
__ptext49                                       text49        04B0C
__ptext5                                        text5         0468E
__ptext50                                       text50        0216A
__ptext51                                       text51        0262A
__ptext52                                       text52        02E14
__ptext53                                       text53        03E80
__ptext54                                       text54        04D8E
__ptext55                                       text55        04614
__ptext56                                       text56        04A7E
__ptext57                                       text57        04B52
__ptext58                                       text58        0404E
__ptext59                                       text59        04E5C
__ptext6                                        text6         04F8A
__ptext60                                       text60        04CA2
__ptext61                                       text61        04FD0
__ptext62                                       text62        04F56
__ptext63                                       text63        04A30
__ptext64                                       text64        04F68
__ptext65                                       text65        04FDE
__ptext66                                       text66        04DC4
__ptext67                                       text67        04E2C
__ptext68                                       text68        0476E
__ptext69                                       text69        04F1C
__ptext7                                        text7         04F98
__ptext70                                       text70        04380
__ptext71                                       text71        05000
__ptext72                                       text72        05014
__ptext73                                       text73        05006
__ptext74                                       text74        04E88
__ptext75                                       text75        048EE
__ptext76                                       text76        04D1C
__ptext77                                       text77        00000
__ptext8                                        text8         04FA6
__ptext9                                        text9         04FB4
__ramtop                                        ramtop        01000
__smallconst                                    smallconst    01000
_abs                                            text44        04C62
_command                                        bssBANK1      0016A
_connected                                      bssBANK0      000FC
_dbuf                                           bssBANK1      0011A
_dtoa                                           text39        038A6
_dtoa$2099                                      cstackCOMRAM  00020
_efgtoa                                         text29        0102A
_efgtoa$2130                                    cstackBANK0   00066
_errno                                          bssBANK0      000F8
_eusart1RxBuffer                                bssBANK1      00108
_eusart1RxCount                                 bssBANK1      00118
_eusart1RxHead                                  bssBANK1      00119
_eusart1RxLastError                             bssBANK1      00117
_eusart1RxStatusBuffer                          bssBANK1      00100
_eusart1RxTail                                  bssCOMRAM     0005E
_flags                                          bssBANK0      000FA
_floorf                                         text33        034E0
_fputc                                          text42        041F2
_fputs                                          text41        04BDC
_labs                                           text32        047D8
_len                                            bssBANK0      000FB
_logf                                           text47        01A22
_logf$2534                                      cstackBANK0   00092
_logf$2535                                      cstackBANK0   0006C
_logf$2536                                      cstackBANK0   00070
_logf$2537                                      cstackBANK0   00074
_logf$2538                                      cstackBANK0   00078
_main                                           text0         04EDA
_memcpy                                         text31        049E0
_pad                                            text40        0459A
_prec                                           bssBANK0      000F6
_putch                                          text43        05012
_read_prec_or_width                             text27        04124
_sprintf                                        text24        04990
_strcpy                                         text30        04B98
_strlen                                         text54        04D8E
_vfpfcnvrt                                      text26        031AE
_vfprintf                                       text25        0489A
_width                                          bssBANK0      000F4
abs@a                                           cstackCOMRAM  00007
btemp                                           temp          0005F
dtoa@d                                          cstackCOMRAM  0001E
dtoa@fp                                         cstackCOMRAM  0001C
dtoa@i                                          cstackCOMRAM  00026
dtoa@p                                          cstackCOMRAM  00022
dtoa@s                                          cstackCOMRAM  00028
dtoa@w                                          cstackCOMRAM  00024
efgtoa@c                                        cstackCOMRAM  00051
efgtoa@d                                        cstackBANK0   0006B
efgtoa@e                                        cstackBANK0   0006F
efgtoa@f                                        cstackCOMRAM  0004D
efgtoa@fp                                       cstackCOMRAM  0004B
efgtoa@g                                        cstackBANK0   00084
efgtoa@h                                        cstackBANK0   00079
efgtoa@i                                        cstackBANK0   00077
efgtoa@l                                        cstackBANK0   0007D
efgtoa@m                                        cstackBANK0   0006D
efgtoa@mode                                     cstackBANK0   00069
efgtoa@n                                        cstackBANK0   00082
efgtoa@ne                                       cstackBANK0   00060
efgtoa@nmode                                    cstackBANK0   0006A
efgtoa@ou                                       cstackBANK0   00073
efgtoa@p                                        cstackBANK0   00062
efgtoa@pp                                       cstackBANK0   00068
efgtoa@sign                                     cstackBANK0   00081
efgtoa@t                                        cstackBANK0   00064
efgtoa@u                                        cstackBANK0   00088
efgtoa@w                                        cstackBANK0   00071
end_of_initialization                           cinit         04890
floorf@F526                                     bssBANK0      000E8
floorf@e                                        cstackCOMRAM  00041
floorf@m                                        cstackCOMRAM  0003D
floorf@u                                        cstackCOMRAM  00043
floorf@x                                        cstackCOMRAM  00033
fputc@c                                         cstackCOMRAM  00001
fputc@fp                                        cstackCOMRAM  00003
fputs@c                                         cstackCOMRAM  0000E
fputs@fp                                        cstackCOMRAM  0000C
fputs@i                                         cstackCOMRAM  0000F
fputs@s                                         cstackCOMRAM  0000A
i2LCD_4bitCode@code                             cstackCOMRAM  00006
i2LCD_4bitCodeNoWait@code                       cstackCOMRAM  00001
i2LCD_8bitCode@code                             cstackCOMRAM  00006
i2LCD_8bitCodeNoWait@code                       cstackCOMRAM  00001
i2LCD_Code@code                                 cstackCOMRAM  00008
i2LCD_SetCursorAt@x                             cstackCOMRAM  0000A
i2LCD_SetCursorAt@y                             cstackCOMRAM  0000C
i2_LCD_4bitCode                                 text64        04F68
i2_LCD_4bitCodeNoWait                           text68        0476E
i2_LCD_8bitCode                                 text62        04F56
i2_LCD_8bitCodeNoWait                           text63        04A30
i2_LCD_Code                                     text61        04FD0
i2_LCD_SetCursorAt                              text58        0404E
i2_LCD_Wait                                     text65        04FDE
i2___delay                                      text67        04E2C
i2___delay@i                                    cstackCOMRAM  00004
i2___delay@time                                 cstackCOMRAM  00001
i2__delay_ms                                    text60        04CA2
i2__delay_ms@i                                  cstackCOMRAM  00004
i2__delay_ms@ms                                 cstackCOMRAM  00001
i2__delay_us                                    text66        04DC4
i2__delay_us@i                                  cstackCOMRAM  00004
i2__delay_us@us                                 cstackCOMRAM  00001
int$flags                                       temp          0005F
intlevel0                                       text          00000
intlevel1                                       text          00000
intlevel2                                       text          00000
intlevel3                                       text          00000
isa$std                                         (abs)         00001
isa$xinst                                       (abs)         00000
labs@a                                          cstackCOMRAM  00001
logf@F472                                       bssBANK0      000F0
logf@R                                          cstackBANK0   00060
logf@dk                                         cstackBANK0   00082
logf@f                                          cstackBANK0   0009A
logf@hfsq                                       cstackBANK0   0007E
logf@ix                                         cstackBANK0   0009E
logf@k                                          cstackBANK0   0007C
logf@s                                          cstackBANK0   00086
logf@t1                                         cstackBANK0   00064
logf@t2                                         cstackBANK0   00068
logf@u                                          cstackBANK0   00096
logf@w                                          cstackBANK0   0008E
logf@x                                          cstackCOMRAM  0004B
logf@z                                          cstackBANK0   0008A
memcpy@d                                        cstackCOMRAM  00007
memcpy@d1                                       cstackCOMRAM  00001
memcpy@n                                        cstackCOMRAM  00005
memcpy@s                                        cstackCOMRAM  00009
memcpy@s1                                       cstackCOMRAM  00003
memcpy@tmp                                      cstackCOMRAM  0000B
pad@buf                                         cstackCOMRAM  00013
pad@fp                                          cstackCOMRAM  00011
pad@i                                           cstackCOMRAM  00018
pad@p                                           cstackCOMRAM  00015
pad@w                                           cstackCOMRAM  0001A
read_prec_or_width@ap                           cstackCOMRAM  00009
read_prec_or_width@c                            cstackCOMRAM  0000D
read_prec_or_width@fmt                          cstackCOMRAM  00007
read_prec_or_width@n                            cstackCOMRAM  0000E
sprintf@ap                                      cstackBANK0   000AA
sprintf@f                                       cstackBANK0   000AC
sprintf@fmt                                     cstackBANK0   000A4
sprintf@s                                       cstackBANK0   000A2
stackhi                                         (abs)         00000
stacklo                                         (abs)         00000
start                                           init          000B4
start_initialization                            cinit         0483E
strcpy@d                                        cstackCOMRAM  00007
strcpy@dest                                     cstackCOMRAM  00001
strcpy@s                                        cstackCOMRAM  00005
strcpy@src                                      cstackCOMRAM  00003
strlen@a                                        cstackCOMRAM  00003
strlen@s                                        cstackCOMRAM  00001
ttemp5                                          temp          00060
ttemp6                                          temp          00063
ttemp7                                          temp          00067
vfpfcnvrt@ap                                    cstackCOMRAM  00058
vfpfcnvrt@c                                     cstackBANK0   00090
vfpfcnvrt@convarg                               cstackBANK0   0008C
vfpfcnvrt@cp                                    cstackBANK0   00091
vfpfcnvrt@fmt                                   cstackCOMRAM  00056
vfpfcnvrt@fp                                    cstackCOMRAM  00054
vfprintf@ap                                     cstackBANK0   00097
vfprintf@cfmt                                   cstackCOMRAM  0005C
vfprintf@fmt                                    cstackBANK0   00095
vfprintf@fp                                     cstackBANK0   00093
wtemp8                                          temp          00060


MODULE INFORMATION

Module		Function		Class		Link	Load	Size
C:\Program Files\Microchip\xc8\v2.41\pic\sources\c99\common\__fpclassifyf.c
		___fpclassifyf 		CODE           	3D82	0000	254

C:\Program Files\Microchip\xc8\v2.41\pic\sources\c99\common\__fpclassifyf.c estimated size: 254

C:\Program Files\Microchip\xc8\v2.41\pic\sources\c99\common\awmod.c
		___awmod       		CODE           	4440	0000	176

C:\Program Files\Microchip\xc8\v2.41\pic\sources\c99\common\awmod.c estimated size: 176

C:\Program Files\Microchip\xc8\v2.41\pic\sources\c99\common\floorf.c
		_floorf        		CODE           	34E0	0000	530

C:\Program Files\Microchip\xc8\v2.41\pic\sources\c99\common\floorf.c estimated size: 530

C:\Program Files\Microchip\xc8\v2.41\pic\sources\c99\common\flge.c
		___flge        		CODE           	3C7E	0000	260

C:\Program Files\Microchip\xc8\v2.41\pic\sources\c99\common\flge.c estimated size: 260

C:\Program Files\Microchip\xc8\v2.41\pic\sources\c99\common\fltol.c
		___fltol       		CODE           	3B78	0000	262

C:\Program Files\Microchip\xc8\v2.41\pic\sources\c99\common\fltol.c estimated size: 262

C:\Program Files\Microchip\xc8\v2.41\pic\sources\c99\common\xxtofl.c
		___xxtofl      		CODE           	36F2	0000	436

C:\Program Files\Microchip\xc8\v2.41\pic\sources\c99\common\xxtofl.c estimated size: 436

mcc_generated_files/interrupt_manager.c
		_INTERRUPT_Initialize		CODE           	500C	0000	4
		_INTERRUPT_InterruptManager		CODE           	0008	0000	172

mcc_generated_files/interrupt_manager.c estimated size: 176

C:\Program Files\Microchip\xc8\v2.41\pic\sources\c99\common\nf_fputc.c
		_fputc         		CODE           	41F2	0000	202

C:\Program Files\Microchip\xc8\v2.41\pic\sources\c99\common\nf_fputc.c estimated size: 202

C:\Program Files\Microchip\xc8\v2.41\pic\sources\c99\common\strlen.c
		_strlen        		CODE           	4D8E	0000	54

C:\Program Files\Microchip\xc8\v2.41\pic\sources\c99\common\strlen.c estimated size: 54

C:\Program Files\Microchip\xc8\v2.41\pic\sources\c99\common\strcpy.c
		_strcpy        		CODE           	4B98	0000	68

C:\Program Files\Microchip\xc8\v2.41\pic\sources\c99\common\strcpy.c estimated size: 68

C:\Program Files\Microchip\xc8\v2.41\pic\sources\c99\common\nf_sprintf.c
		_sprintf       		CODE           	4990	0000	80

C:\Program Files\Microchip\xc8\v2.41\pic\sources\c99\common\nf_sprintf.c estimated size: 80

mcc_generated_files/pin_manager.c
		_PIN_MANAGER_Initialize		CODE           	4C20	0000	66

mcc_generated_files/pin_manager.c estimated size: 66

C:\Program Files\Microchip\xc8\v2.41\pic\sources\c99\common\logf.c
		_logf          		CODE           	1A22	0000	1864

C:\Program Files\Microchip\xc8\v2.41\pic\sources\c99\common\logf.c estimated size: 1864

C:\Program Files\Microchip\xc8\v2.41\pic\sources\c99\common\sprcadd.c
		___flsub       		CODE           	4B0C	0000	70
		___fladd       		CODE           	216A	0000	1216

C:\Program Files\Microchip\xc8\v2.41\pic\sources\c99\common\sprcadd.c estimated size: 1286

C:\Program Files\Microchip\xc8\v2.41\pic\sources\c99\common\awdiv.c
		___awdiv       		CODE           	42BC	0000	196

C:\Program Files\Microchip\xc8\v2.41\pic\sources\c99\common\awdiv.c estimated size: 196

mcc_generated_files/adc.c
		_ADC_Initialize		CODE           	4F06	0000	22
		_ADC_GetConversion		CODE           	4D1C	0000	58

mcc_generated_files/adc.c estimated size: 80

C:\Program Files\Microchip\xc8\v2.41\pic\sources\c99\common\abs.c
		_abs           		CODE           	4C62	0000	64

C:\Program Files\Microchip\xc8\v2.41\pic\sources\c99\common\abs.c estimated size: 64

C:\Program Files\Microchip\xc8\v2.41\pic\sources\c99\common\doprnt.c
		_read_prec_or_width		CODE           	4124	0000	206
		_vfpfcnvrt     		CODE           	31AE	0000	818
		_efgtoa        		CODE           	102A	0000	2552
		_pad           		CODE           	459A	0000	122
		_dtoa          		CODE           	38A6	0000	406
		_vfprintf      		CODE           	489A	0000	84

C:\Program Files\Microchip\xc8\v2.41\pic\sources\c99\common\doprnt.c estimated size: 4188

C:\Program Files\Microchip\xc8\v2.41\pic\sources\c99\common\flneg.c
		___flneg       		CODE           	4D56	0000	56

C:\Program Files\Microchip\xc8\v2.41\pic\sources\c99\common\flneg.c estimated size: 56

LCD-library/LCD-library.c
		_LCD_Init      		CODE           	3A3C	0000	316
		_LCD_8bitCode  		CODE           	4F32	0000	18
		___delay       		CODE           	4DFA	0000	50
		_LCD_4bitCode  		CODE           	4F44	0000	18
		_LCD_MoveCursorRight		CODE           	4A7E	0000	72
		__delay_ms     		CODE           	4AC6	0000	70
		__delay_us     		CODE           	4CE2	0000	58
		_LCD_Clear     		CODE           	4E5C	0000	44
		_LCD_8bitCodeNoWait		CODE           	4940	0000	80
		_LCD_MoveCursorLeft		CODE           	4B52	0000	70
		_LCD_PrintStr  		CODE           	3E80	0000	246
		_LCD_PrintChar 		CODE           	4614	0000	122
		_LCD_SetCursorAt		CODE           	3F76	0000	216
		_LCD_Code      		CODE           	4FC2	0000	14
		_LCD_4bitCodeNoWait		CODE           	4702	0000	108
		_LCD_Wait      		CODE           	4F7A	0000	16

LCD-library/LCD-library.c estimated size: 1518

C:\Program Files\Microchip\xc8\v2.41\pic\sources\c99\common\fleq.c
		___fleq        		CODE           	44F0	0000	170

C:\Program Files\Microchip\xc8\v2.41\pic\sources\c99\common\fleq.c estimated size: 170

shared
		i2_LCD_4bitCode		CODE           	4F68	0000	18
		_Lg1           		SMALLCONST     	0000	0000	0
		i2___delay     		CODE           	4E2C	0000	48
		i2_LCD_Code    		CODE           	4FD0	0000	14
		i2_LCD_8bitCodeNoWait		CODE           	4A30	0000	78
		_Lg2           		SMALLCONST     	0000	0000	0
		_Lg3           		SMALLCONST     	0000	0000	0
		_Lg4           		SMALLCONST     	0000	0000	0
		i2_LCD_SetCursorAt		CODE           	404E	0000	214
		i2_LCD_4bitCodeNoWait		CODE           	476E	0000	106
		__initialization		CODE           	483E	0000	82
		_ln2_lo        		SMALLCONST     	0000	0000	0
		i2__delay_ms   		CODE           	4CA2	0000	64
		i2__delay_us   		CODE           	4DC4	0000	54
		i2_LCD_8bitCode		CODE           	4F56	0000	18
		_ln2_hi        		SMALLCONST     	0000	0000	0
		i2_LCD_Wait    		CODE           	4FDE	0000	14

shared estimated size: 710

mcc_generated_files/eusart1.c
		_EUSART1_SetRxInterruptHandler		CODE           	4F8A	0000	14
		_EUSART1_Initialize		CODE           	468E	0000	116
		_EUSART1_DefaultErrorHandler		CODE           	5006	0000	6
		_EUSART1_SetFramingErrorHandler		CODE           	4FA6	0000	14
		_HandleInterrupt		CODE           	2A54	0000	960
		_EUSART1_Read  		CODE           	48EE	0000	82
		_EUSART1_SetOverrunErrorHandler		CODE           	4F98	0000	14
		_EUSART1_SetErrorHandler		CODE           	4FB4	0000	14
		_EUSART1_Write 		CODE           	4F1C	0000	22
		_EUSART1_Receive_ISR		CODE           	4380	0000	192
		_EUSART1_RxDataHandler		CODE           	4E88	0000	44
		_EUSART1_DefaultOverrunErrorHandler		CODE           	5000	0000	6
		_EUSART1_DefaultFramingErrorHandler		CODE           	5014	0000	2

mcc_generated_files/eusart1.c estimated size: 1486

mcc_generated_files/mcc.c
		_OSCILLATOR_Initialize		CODE           	4FF6	0000	10
		_SYSTEM_Initialize		CODE           	4EF0	0000	22

mcc_generated_files/mcc.c estimated size: 32

C:\Program Files\Microchip\xc8\v2.41\pic\sources\c99\common\memcpy.c
		_memcpy        		CODE           	49E0	0000	80

C:\Program Files\Microchip\xc8\v2.41\pic\sources\c99\common\memcpy.c estimated size: 80

C:\Program Files\Microchip\xc8\v2.41\pic\sources\c99\common\Umul16.c
		___wmul        		CODE           	4EB4	0000	38

C:\Program Files\Microchip\xc8\v2.41\pic\sources\c99\common\Umul16.c estimated size: 38

C:\Program Files\Microchip\xc8\v2.41\pic\sources\c99\common\putch.c
		_putch         		CODE           	5012	0000	2

C:\Program Files\Microchip\xc8\v2.41\pic\sources\c99\common\putch.c estimated size: 2

C:\Program Files\Microchip\xc8\v2.41\pic\sources\c99\common\nf_fputs.c
		_fputs         		CODE           	4BDC	0000	68

C:\Program Files\Microchip\xc8\v2.41\pic\sources\c99\common\nf_fputs.c estimated size: 68

C:\Program Files\Microchip\xc8\v2.41\pic\sources\c99\common\labs.c
		_labs          		CODE           	47D8	0000	102

C:\Program Files\Microchip\xc8\v2.41\pic\sources\c99\common\labs.c estimated size: 102

main.c
		_main          		CODE           	4EDA	0000	22

main.c estimated size: 22

C:\Program Files\Microchip\xc8\v2.41\pic\sources\c99\common\sprcmul.c
		___flmul       		CODE           	262A	0000	1066

C:\Program Files\Microchip\xc8\v2.41\pic\sources\c99\common\sprcmul.c estimated size: 1066

C:\Program Files\Microchip\xc8\v2.41\pic\sources\c99\common\sprcdiv.c
		___fldiv       		CODE           	2E14	0000	922

C:\Program Files\Microchip\xc8\v2.41\pic\sources\c99\common\sprcdiv.c estimated size: 922

