Microchip MPLAB XC8 Compiler V2.41

Linker command line:

-W-3 \
  --edf=C:/Program Files/Microchip/MPLABX/v6.10/packs/Microchip/PIC18F-J_DFP/1.6.157/xc8\pic\dat\20230323175406_en.msgs \
  -cn -h+dist/default/debug\RS232_communication.X.debug.sym \
  --cmf=dist/default/debug\RS232_communication.X.debug.cmf -z -Q18F97J60 \
  -oC:\Users\Alex\AppData\Local\Temp\xcDsf5o.3\driver_tmp_3.o \
  --defsym=__MPLAB_BUILD=1 --fixupoverflow=error \
  -Mdist/default/debug/RS232_communication.X.debug.map \
  --md=C:\Users\Alex\AppData\Local\Temp\xcDsf5o.3\driver_tmp_0.dat -E1 \
  -ver=XC8 Compiler --acfsm=1493 -ACODE=00h-01FFF7h -ACONST=00h-01FFF7h \
  -ASMALLCONST=01000h-010FFhx495,01FF00h-01FFF7h \
  -AMEDIUMCONST=01000h-0FFFFh,011000h-01FFF7h -ACOMRAM=01h-05Fh \
  -AABS1=00h-0E7Fh,0F00h-0F5Fh -ABIGRAM=01h-0E7Fh,0F00h-0F5Fh \
  -ARAM=060h-0FFh,0100h-01FFhx13,0E00h-0E7Fh,0F00h-0F5Fh -ABANK0=060h-0FFh \
  -ABANK1=0100h-01FFh -ABANK2=0200h-02FFh -ABANK3=0300h-03FFh \
  -ABANK4=0400h-04FFh -ABANK5=0500h-05FFh -ABANK6=0600h-06FFh \
  -ABANK7=0700h-07FFh -ABANK8=0800h-08FFh -ABANK9=0900h-09FFh \
  -ABANK10=0A00h-0AFFh -ABANK11=0B00h-0BFFh -ABANK12=0C00h-0CFFh \
  -ABANK13=0D00h-0DFFh -ABANK14=0E00h-0E7Fh -ABANK15=0F00h-0F5Fh \
  -ASFR=0E80h-0EFFh,0F60h-0FFCh -ABIGSFR=0E80h-0EFFh,0F60h-0FFCh \
  -ACONFIG=01FFF8h-01FFFDh \
  -preset_vec=00h,intcode=08h,intcodelo,powerup,init -pramtop=01000h \
  -psmallconst=SMALLCONST -pmediumconst=MEDIUMCONST -pconst=CONST \
  -AFARRAM=00h-00h -pjflash_buffer=01F800h \
  -prdata=COMRAM,nvrram=COMRAM,nvbit=COMRAM,rbss=COMRAM,rbit=COMRAM \
  -pfarbss=FARRAM,fardata=FARRAM,nvFARRAM=FARRAM \
  -pintsave_regs=BIGRAM,bigbss=BIGRAM,bigdata=BIGRAM -pbss=RAM \
  -pidata=CODE,irdata=CODE,ibigdata=CODE,ifardata=CODE -prparam=COMRAM \
  C:\Users\Alex\AppData\Local\Temp\xcDsf5o.3\driver_tmp_14.o \
  dist/default/debug\RS232_communication.X.debug.o 

Object code version is 3.11

Machine type is 18F97J60



                Name                               Link     Load   Length Selector   Space Scale
C:\Users\Alex\AppData\Local\Temp\xcDsf5o.3\driver_tmp_14.o
                config                            1FFF8    1FFF8        6        0       4
                init                                 82       82        4        4       0
                reset_vec                             0        0        6        0       0
dist/default/debug\RS232_communication.X.debug.o
                intcode                               8        8       7A        4       0
                config                            1FFF8    1FFF8        6        0       4
                temp                                 56       56        1        1       1
                smallconst                         1000     1000        6      800       0
                text58                             1F38     1F38       50      803       0
                text57                             2372     2372       2A      803       0
                text56                             24B6     24B6        6      803       0
                text55                             24C2     24C2        2      803       0
                text54                             24B0     24B0        6      803       0
                text53                             19F4     19F4       C0      803       0
                text52                             1DD8     1DD8       6A      803       0
                text51                             2318     2318       30      803       0
                text50                             22B0     22B0       36      803       0
                text49                             248C     248C        E      803       0
                text48                             2416     2416       12      803       0
                text47                             1FD6     1FD6       4E      803       0
                text46                             2404     2404       12      803       0
                text45                             247E     247E        E      803       0
                text44                             2200     2200       40      803       0
                text43                             2348     2348       2A      803       0
                text42                             178C     178C       D6      803       0
                text41                             20F8     20F8       44      803       0
                text40                             20B2     20B2       46      803       0
                text39                             1C86     1C86       74      803       0
                text38                             227A     227A       36      803       0
                text37                             15BE     15BE       F6      803       0
                text36                             1006     1006      1AC      803       0
                text34                             21C0     21C0       40      803       0
                text33                             239C     239C       18      803       0
                text32                             1D6C     1D6C       6C      803       0
                text31                             22E6     22E6       32      803       0
                text30                             2240     2240       3A      803       0
                text29                             2428     2428       10      803       0
                text28                             23F2     23F2       12      803       0
                text27                             1EE8     1EE8       50      803       0
                text26                             23E0     23E0       12      803       0
                text25                             2470     2470        E      803       0
                text24                             16B4     16B4       D8      803       0
                text23                             206C     206C       46      803       0
                text22                             134C     134C      13C      803       0
                text21                             23CA     23CA       16      803       0
                text20                             2462     2462        E      803       0
                text19                             2454     2454        E      803       0
                text18                             2446     2446        E      803       0
                text17                             2438     2438        E      803       0
                text16                             1CFA     1CFA       72      803       0
                text15                             24BC     24BC        4      803       0
                text14                             24A6     24A6        A      803       0
                text13                             217E     217E       42      803       0
                text12                             23B4     23B4       16      803       0
                text11                             192E     192E       C6      803       0
                text10                             1AB4     1AB4       B2      803       0
                text9                              213C     213C       42      803       0
                text8                              24C0     24C0        2      803       0
                text7                              1862     1862       CC      803       0
                text6                              2024     2024       48      803       0
                text5                              1C08     1C08       7E      803       0
                text4                              11B2     11B2      19A      803       0
                text3                              1488     1488      136      803       0
                text2                              1E42     1E42       56      803       0
                text1                              1E98     1E98       50      803       0
                text0                              1B66     1B66       A2      803       0
                cstackCOMRAM                          1        1       2B        1       1
                cstackBANK0                          60       60       5B       60       1
                bssBANK1                            100      100       20      100       1
                bssBANK0                             BB       BB       28       60       1
                dataCOMRAM                           47       47        C        1       1
                bssCOMRAM                            2C       2C       1B        1       1
                cinit                              1F88     1F88       4E      803       0
                nvBANK0                              E3       E3        9       60       1
                nvCOMRAM                             53       53        3        1       1
                idataCOMRAM                        249A     249A        C      803       0

TOTAL           Name                               Link     Load   Length     Space
        CLASS   CODE           
                intcode                               8        8       7A         0
                init                                 82       82        4         0
                reset_vec                             0        0        6         0
                text58                             1F38     1F38       50         0
                text57                             2372     2372       2A         0
                text56                             24B6     24B6        6         0
                text55                             24C2     24C2        2         0
                text54                             24B0     24B0        6         0
                text53                             19F4     19F4       C0         0
                text52                             1DD8     1DD8       6A         0
                text51                             2318     2318       30         0
                text50                             22B0     22B0       36         0
                text49                             248C     248C        E         0
                text48                             2416     2416       12         0
                text47                             1FD6     1FD6       4E         0
                text46                             2404     2404       12         0
                text45                             247E     247E        E         0
                text44                             2200     2200       40         0
                text43                             2348     2348       2A         0
                text42                             178C     178C       D6         0
                text41                             20F8     20F8       44         0
                text40                             20B2     20B2       46         0
                text39                             1C86     1C86       74         0
                text38                             227A     227A       36         0
                text37                             15BE     15BE       F6         0
                text36                             1006     1006      1AC         0
                text34                             21C0     21C0       40         0
                text33                             239C     239C       18         0
                text32                             1D6C     1D6C       6C         0
                text31                             22E6     22E6       32         0
                text30                             2240     2240       3A         0
                text29                             2428     2428       10         0
                text28                             23F2     23F2       12         0
                text27                             1EE8     1EE8       50         0
                text26                             23E0     23E0       12         0
                text25                             2470     2470        E         0
                text24                             16B4     16B4       D8         0
                text23                             206C     206C       46         0
                text22                             134C     134C      13C         0
                text21                             23CA     23CA       16         0
                text20                             2462     2462        E         0
                text19                             2454     2454        E         0
                text18                             2446     2446        E         0
                text17                             2438     2438        E         0
                text16                             1CFA     1CFA       72         0
                text15                             24BC     24BC        4         0
                text14                             24A6     24A6        A         0
                text13                             217E     217E       42         0
                text12                             23B4     23B4       16         0
                text11                             192E     192E       C6         0
                text10                             1AB4     1AB4       B2         0
                text9                              213C     213C       42         0
                text8                              24C0     24C0        2         0
                text7                              1862     1862       CC         0
                text6                              2024     2024       48         0
                text5                              1C08     1C08       7E         0
                text4                              11B2     11B2      19A         0
                text3                              1488     1488      136         0
                text2                              1E42     1E42       56         0
                text1                              1E98     1E98       50         0
                text0                              1B66     1B66       A2         0
                cinit                              1F88     1F88       4E         0
                idataCOMRAM                        249A     249A        C         0

        CLASS   CONST          

        CLASS   SMALLCONST     
                smallconst                         1000     1000        6         0

        CLASS   MEDIUMCONST    

        CLASS   COMRAM         
                temp                                 56       56        1         1
                cstackCOMRAM                          1        1       2B         1
                dataCOMRAM                           47       47        C         1
                bssCOMRAM                            2C       2C       1B         1
                nvCOMRAM                             53       53        3         1

        CLASS   ABS1           

        CLASS   BIGRAM         

        CLASS   RAM            

        CLASS   BANK0          
                cstackBANK0                          60       60       5B         1
                bssBANK0                             BB       BB       28         1
                nvBANK0                              E3       E3        9         1

        CLASS   BANK1          
                bssBANK1                            100      100       20         1

        CLASS   BANK2          

        CLASS   BANK3          

        CLASS   BANK4          

        CLASS   BANK5          

        CLASS   BANK6          

        CLASS   BANK7          

        CLASS   BANK8          

        CLASS   BANK9          

        CLASS   BANK10         

        CLASS   BANK11         

        CLASS   BANK12         

        CLASS   BANK13         

        CLASS   BANK14         

        CLASS   BANK15         

        CLASS   SFR            

        CLASS   BIGSFR         

        CLASS   CONFIG         
                config                            1FFF8    1FFF8        6         4

        CLASS   FARRAM         

        CLASS   HEAP           

        CLASS   STACK          

        CLASS   IDLOC          



SEGMENTS        Name                           Load    Length   Top    Selector   Space  Class

                reset_vec                      000000  000006  000006         0       0  CODE    
                cstackCOMRAM                   000001  000056  000057         1       1  COMRAM  
                intcode                        000008  00007E  000086         4       0  CODE    
                cstackBANK0                    000060  00008C  0000EC        60       1  BANK0   
                bssBANK1                       000100  000020  000120       100       1  BANK1   
                smallconst                     001000  000006  001006       800       0  SMALLCON
                text36                         001006  0014BE  0024C4       803       0  CODE    


UNUSED ADDRESS RANGES

        Name                Unused          Largest block    Delta
        BANK0            000EC-000FF              14
        BANK1            00120-001FF              E0
        BANK10           00A00-00AFF             100
        BANK11           00B00-00BFF             100
        BANK12           00C00-00CFF             100
        BANK13           00D00-00DFF             100
        BANK14           00E00-00E7F              80
        BANK15           00F00-00F5F              60
        BANK2            00200-002FF             100
        BANK3            00300-003FF             100
        BANK4            00400-004FF             100
        BANK5            00500-005FF             100
        BANK6            00600-006FF             100
        BANK7            00700-007FF             100
        BANK8            00800-008FF             100
        BANK9            00900-009FF             100
        BIGRAM           00057-0005F               9
                         000EC-000FF              14
                         00120-00E7F             D60
                         00F00-00F5F              60
        BIGSFR           00E80-00EFF              80
                         00F60-00FFC              9D
        CODE             00006-00007               2
                         00086-00FFF             F7A
                         024C4-1FFF7           1DB34
        COMRAM           00057-0005F               9
        CONST            00006-00007               2
                         00086-00FFF             F7A
                         024C4-1FFF7           1DB34
        MEDIUMCONST      024C4-0FFFF            DB3C
                         11000-1FFF7            EFF8
        RAM              000EC-000FF              14
                         00120-00E7F             100
                         00F00-00F5F              60
        SFR              00E80-00EFF              80
                         00F60-00FFC              9D
        SMALLCONST       024C4-1FFF7             100

                                  Symbol Table

?_ADC_GetConversion                             cstackBANK0   00060
?___awdiv                                       cstackBANK0   00060
?___awmod                                       cstackBANK0   00060
?_abs                                           cstackBANK0   00066
?_sprintf                                       cstackBANK0   0009E
?_strlen                                        cstackCOMRAM  00001
?_vfprintf                                      cstackBANK0   00096
ADC_GetConversion@channel                       cstackBANK0   00064
EUSART1_Read@readValue                          cstackCOMRAM  00001
EUSART1_SetErrorHandler@interruptHandler        cstackBANK0   00060
EUSART1_SetFramingErrorHandler@interruptHandler cstackBANK0   00060
EUSART1_SetOverrunErrorHandler@interruptHandler cstackBANK0   00060
EUSART1_SetRxInterruptHandler@interruptHandler  cstackBANK0   00060
EUSART1_Write@txData                            cstackBANK0   00060
LCD_4bitCode@code                               cstackBANK0   00065
LCD_4bitCodeNoWait@code                         cstackBANK0   00060
LCD_8bitCode@code                               cstackBANK0   00065
LCD_8bitCodeNoWait@code                         cstackBANK0   00060
LCD_Code@code                                   cstackBANK0   00067
LCD_MoveCursorLeft@howMuch                      cstackCOMRAM  00010
LCD_MoveCursorRight@howMuch                     cstackCOMRAM  00010
LCD_PrintChar@inputChar                         cstackCOMRAM  00014
LCD_PrintStr@i                                  cstackCOMRAM  0001C
LCD_PrintStr@initialX                           cstackCOMRAM  00018
LCD_PrintStr@initialY                           cstackCOMRAM  0001A
LCD_PrintStr@str                                cstackCOMRAM  00015
LCD_SetCursorAt@pos                             cstackBANK0   00069
LCD_SetCursorAt@row                             cstackBANK0   0006B
PrintOnScreen@i                                 cstackCOMRAM  00024
PrintOnScreen@len                               cstackCOMRAM  00020
PrintOnScreen@length                            cstackCOMRAM  00023
PrintOnScreen@received                          cstackCOMRAM  00022
_ADCON0                                         (abs)         00FC2
_ADCON0bits                                     (abs)         00FC2
_ADCON1                                         (abs)         00FC1
_ADCON1bits                                     (abs)         00FC1
_ADCON2                                         (abs)         00FC0
_ADC_GetConversion                              text34        021C0
_ADC_Initialize                                 text21        023CA
_ADC_InterruptHandler                           bssCOMRAM     0003C
_ADRESH                                         (abs)         00FC4
_ADRESL                                         (abs)         00FC3
_BAUDCON1                                       (abs)         00F7E
_EUSART1_DefaultErrorHandler                    text56        024B6
_EUSART1_DefaultFramingErrorHandler             text55        024C2
_EUSART1_DefaultOverrunErrorHandler             text54        024B0
_EUSART1_ErrorHandler                           nvBANK0       000E3
_EUSART1_FramingErrorHandler                    nvBANK0       000E9
_EUSART1_Initialize                             text16        01CFA
_EUSART1_OverrunErrorHandler                    nvBANK0       000E6
_EUSART1_Read                                   text58        01F38
_EUSART1_Receive_ISR                            text53        019F4
_EUSART1_RxDataHandler                          text57        02372
_EUSART1_RxDefaultInterruptHandler              nvCOMRAM      00053
_EUSART1_SetErrorHandler                        text20        02462
_EUSART1_SetFramingErrorHandler                 text19        02454
_EUSART1_SetOverrunErrorHandler                 text18        02446
_EUSART1_SetRxInterruptHandler                  text17        02438
_EUSART1_Write                                  text33        0239C
_INTCONbits                                     (abs)         00FF2
_INTERRUPT_Initialize                           text15        024BC
_INTERRUPT_InterruptManager                     intcode       00008
_LATA                                           (abs)         00F89
_LATB                                           (abs)         00F8A
_LATC                                           (abs)         00F8B
_LATD                                           (abs)         00F8C
_LATE                                           (abs)         00F8D
_LATF                                           (abs)         00F8E
_LATG                                           (abs)         00F8F
_LATH                                           (abs)         00F90
_LATJ                                           (abs)         00F91
_LCD_4bitCode                                   text28        023F2
_LCD_4bitCodeNoWait                             text32        01D6C
_LCD_8bitCode                                   text26        023E0
_LCD_8bitCodeNoWait                             text27        01EE8
_LCD_Clear                                      text43        02348
_LCD_Code                                       text25        02470
_LCD_Init                                       text22        0134C
_LCD_MoveCursorLeft                             text41        020F8
_LCD_MoveCursorRight                            text40        020B2
_LCD_PrintChar                                  text39        01C86
_LCD_PrintStr                                   text37        015BE
_LCD_SetCursorAt                                text24        016B4
_LCD_Wait                                       text29        02428
_LCD_isCursorBlinking                           bssCOMRAM     0003F
_LCD_isCursorMoving                             dataCOMRAM    00047
_LCD_isCursorOn                                 dataCOMRAM    00049
_LCD_isDisplayOn                                dataCOMRAM    0004B
_LCD_isIncrement                                dataCOMRAM    0004D
_LCD_isShift                                    bssCOMRAM     00041
_LCD_posX                                       dataCOMRAM    00051
_LCD_posY                                       dataCOMRAM    0004F
_OSCCON                                         (abs)         00FD3
_OSCILLATOR_Initialize                          text14        024A6
_OSCTUNE                                        (abs)         00F9B
_PIE1bits                                       (abs)         00F9D
_PIN_MANAGER_Initialize                         text13        0217E
_PIR1bits                                       (abs)         00F9E
_PORTBbits                                      (abs)         00F81
_PORTE                                          (abs)         00F84
_PORTEbits                                      (abs)         00F84
_PORTGbits                                      (abs)         00F86
_PORTHbits                                      (abs)         00F87
_PORTJbits                                      (abs)         00F88
_PrintOnScreen                                  text36        01006
_RCONbits                                       (abs)         00FD0
_RCREG1                                         (abs)         00FAE
_RCSTA1                                         (abs)         00FAB
_RCSTA1bits                                     (abs)         00FAB
_SPBRG1                                         (abs)         00FAF
_SPBRGH1                                        (abs)         00F7F
_SYSTEM_Initialize                              text12        023B4
_TRISA                                          (abs)         00F92
_TRISB                                          (abs)         00F93
_TRISC                                          (abs)         00F94
_TRISD                                          (abs)         00F95
_TRISE                                          (abs)         00F96
_TRISF                                          (abs)         00F97
_TRISG                                          (abs)         00F98
_TRISGbits                                      (abs)         00F98
_TRISH                                          (abs)         00F99
_TRISHbits                                      (abs)         00F99
_TRISJ                                          (abs)         00F9A
_TXREG1                                         (abs)         00FAD
_TXSTA1                                         (abs)         00FAC
_TXSTA1bits                                     (abs)         00FAC
__HRAM                                          (abs)         00000
__H__absolute__                                 __absolute__  00000
__Habs1                                         abs1          00000
__Hbank0                                        bank0         00000
__Hbank1                                        bank1         00000
__Hbank10                                       bank10        00000
__Hbank11                                       bank11        00000
__Hbank12                                       bank12        00000
__Hbank13                                       bank13        00000
__Hbank14                                       bank14        00000
__Hbank15                                       bank15        00000
__Hbank2                                        bank2         00000
__Hbank3                                        bank3         00000
__Hbank4                                        bank4         00000
__Hbank5                                        bank5         00000
__Hbank6                                        bank6         00000
__Hbank7                                        bank7         00000
__Hbank8                                        bank8         00000
__Hbank9                                        bank9         00000
__Hbigbss                                       bigbss        00000
__Hbigdata                                      bigdata       00000
__Hbigram                                       bigram        00000
__Hbigsfr                                       bigsfr        00000
__Hbss                                          bss           00000
__HbssBANK0                                     bssBANK0      00000
__HbssBANK1                                     bssBANK1      00000
__HbssCOMRAM                                    bssCOMRAM     00000
__Hcinit                                        cinit         00000
__Hclrtext                                      clrtext       00000
__Hcomram                                       comram        00000
__Hconfig                                       config        1FFFE
__Hconst                                        const         00000
__HcstackBANK0                                  cstackBANK0   00000
__HcstackCOMRAM                                 cstackCOMRAM  00000
__Hdata                                         data          00000
__HdataCOMRAM                                   dataCOMRAM    00000
__Hfarbss                                       farbss        00000
__Hfardata                                      fardata       00000
__Hheap                                         heap          00000
__Hibigdata                                     ibigdata      00000
__Hidata                                        idata         00000
__HidataCOMRAM                                  idataCOMRAM   00000
__Hidloc                                        idloc         00000
__Hifardata                                     ifardata      00000
__Hinit                                         init          00086
__Hintcode                                      intcode       00082
__Hintcode_body                                 intcode_body  00000
__Hintcodelo                                    intcodelo     00082
__Hintentry                                     intentry      00000
__Hintret                                       intret        00000
__Hintsave_regs                                 intsave_regs  00000
__Hirdata                                       irdata        00000
__Hjflash_buffer                                jflash_buffer 1F800
__Hmediumconst                                  mediumconst   00000
__HnvBANK0                                      nvBANK0       00000
__HnvCOMRAM                                     nvCOMRAM      00000
__HnvFARRAM                                     nvFARRAM      00000
__Hnvbit                                        nvbit         00000
__Hnvrram                                       nvrram        00000
__Hparam                                        rparam        00000
__Hpowerup                                      powerup       00082
__Hram                                          ram           00000
__Hramtop                                       ramtop        01000
__Hrbit                                         rbit          00000
__Hrbss                                         rbss          00000
__Hrdata                                        rdata         00000
__Hreset_vec                                    reset_vec     00006
__Hrparam                                       rparam        00000
__Hsfr                                          sfr           00000
__Hsmallconst                                   smallconst    01006
__Hspace_0                                      (abs)         1F800
__Hspace_1                                      (abs)         00120
__Hspace_2                                      (abs)         00000
__Hspace_4                                      (abs)         3FFF6
__Hstack                                        stack         00000
__Hstruct                                       struct        00000
__Htemp                                         temp          00057
__Htext                                         text          00000
__Htext0                                        text0         00000
__Htext1                                        text1         00000
__Htext10                                       text10        00000
__Htext11                                       text11        00000
__Htext12                                       text12        00000
__Htext13                                       text13        00000
__Htext14                                       text14        00000
__Htext15                                       text15        00000
__Htext16                                       text16        00000
__Htext17                                       text17        00000
__Htext18                                       text18        00000
__Htext19                                       text19        00000
__Htext2                                        text2         00000
__Htext20                                       text20        00000
__Htext21                                       text21        00000
__Htext22                                       text22        00000
__Htext23                                       text23        00000
__Htext24                                       text24        00000
__Htext25                                       text25        00000
__Htext26                                       text26        00000
__Htext27                                       text27        00000
__Htext28                                       text28        00000
__Htext29                                       text29        00000
__Htext3                                        text3         00000
__Htext30                                       text30        00000
__Htext31                                       text31        00000
__Htext32                                       text32        00000
__Htext33                                       text33        00000
__Htext34                                       text34        00000
__Htext36                                       text36        00000
__Htext37                                       text37        00000
__Htext38                                       text38        00000
__Htext39                                       text39        00000
__Htext4                                        text4         00000
__Htext40                                       text40        00000
__Htext41                                       text41        00000
__Htext42                                       text42        00000
__Htext43                                       text43        00000
__Htext44                                       text44        00000
__Htext45                                       text45        00000
__Htext46                                       text46        00000
__Htext47                                       text47        00000
__Htext48                                       text48        00000
__Htext49                                       text49        00000
__Htext5                                        text5         00000
__Htext50                                       text50        00000
__Htext51                                       text51        00000
__Htext52                                       text52        00000
__Htext53                                       text53        00000
__Htext54                                       text54        00000
__Htext55                                       text55        00000
__Htext56                                       text56        00000
__Htext57                                       text57        00000
__Htext58                                       text58        00000
__Htext59                                       text59        00000
__Htext6                                        text6         00000
__Htext7                                        text7         00000
__Htext8                                        text8         00000
__Htext9                                        text9         00000
__LRAM                                          (abs)         00001
__L__absolute__                                 __absolute__  00000
__Labs1                                         abs1          00000
__Lbank0                                        bank0         00000
__Lbank1                                        bank1         00000
__Lbank10                                       bank10        00000
__Lbank11                                       bank11        00000
__Lbank12                                       bank12        00000
__Lbank13                                       bank13        00000
__Lbank14                                       bank14        00000
__Lbank15                                       bank15        00000
__Lbank2                                        bank2         00000
__Lbank3                                        bank3         00000
__Lbank4                                        bank4         00000
__Lbank5                                        bank5         00000
__Lbank6                                        bank6         00000
__Lbank7                                        bank7         00000
__Lbank8                                        bank8         00000
__Lbank9                                        bank9         00000
__Lbigbss                                       bigbss        00000
__Lbigdata                                      bigdata       00000
__Lbigram                                       bigram        00000
__Lbigsfr                                       bigsfr        00000
__Lbss                                          bss           00000
__LbssBANK0                                     bssBANK0      00000
__LbssBANK1                                     bssBANK1      00000
__LbssCOMRAM                                    bssCOMRAM     00000
__Lcinit                                        cinit         00000
__Lclrtext                                      clrtext       00000
__Lcomram                                       comram        00000
__Lconfig                                       config        00000
__Lconst                                        const         00000
__LcstackBANK0                                  cstackBANK0   00000
__LcstackCOMRAM                                 cstackCOMRAM  00000
__Ldata                                         data          00000
__LdataCOMRAM                                   dataCOMRAM    00000
__Lfarbss                                       farbss        00000
__Lfardata                                      fardata       00000
__Lheap                                         heap          00000
__Libigdata                                     ibigdata      00000
__Lidata                                        idata         00000
__LidataCOMRAM                                  idataCOMRAM   00000
__Lidloc                                        idloc         00000
__Lifardata                                     ifardata      00000
__Linit                                         init          00082
__Lintcode                                      intcode       00008
__Lintcode_body                                 intcode_body  00000
__Lintcodelo                                    intcodelo     00082
__Lintentry                                     intentry      00000
__Lintret                                       intret        00000
__Lintsave_regs                                 intsave_regs  00000
__Lirdata                                       irdata        00000
__Ljflash_buffer                                jflash_buffer 1F800
__Lmediumconst                                  mediumconst   00000
__LnvBANK0                                      nvBANK0       00000
__LnvCOMRAM                                     nvCOMRAM      00000
__LnvFARRAM                                     nvFARRAM      00000
__Lnvbit                                        nvbit         00000
__Lnvrram                                       nvrram        00000
__Lparam                                        rparam        00000
__Lpowerup                                      powerup       00082
__Lram                                          ram           00000
__Lramtop                                       ramtop        01000
__Lrbit                                         rbit          00000
__Lrbss                                         rbss          00000
__Lrdata                                        rdata         00000
__Lreset_vec                                    reset_vec     00000
__Lrparam                                       rparam        00000
__Lsfr                                          sfr           00000
__Lsmallconst                                   smallconst    01000
__Lspace_0                                      (abs)         00000
__Lspace_1                                      (abs)         00000
__Lspace_2                                      (abs)         00000
__Lspace_4                                      (abs)         00000
__Lstack                                        stack         00000
__Lstruct                                       struct        00000
__Ltemp                                         temp          00056
__Ltext                                         text          00000
__Ltext0                                        text0         00000
__Ltext1                                        text1         00000
__Ltext10                                       text10        00000
__Ltext11                                       text11        00000
__Ltext12                                       text12        00000
__Ltext13                                       text13        00000
__Ltext14                                       text14        00000
__Ltext15                                       text15        00000
__Ltext16                                       text16        00000
__Ltext17                                       text17        00000
__Ltext18                                       text18        00000
__Ltext19                                       text19        00000
__Ltext2                                        text2         00000
__Ltext20                                       text20        00000
__Ltext21                                       text21        00000
__Ltext22                                       text22        00000
__Ltext23                                       text23        00000
__Ltext24                                       text24        00000
__Ltext25                                       text25        00000
__Ltext26                                       text26        00000
__Ltext27                                       text27        00000
__Ltext28                                       text28        00000
__Ltext29                                       text29        00000
__Ltext3                                        text3         00000
__Ltext30                                       text30        00000
__Ltext31                                       text31        00000
__Ltext32                                       text32        00000
__Ltext33                                       text33        00000
__Ltext34                                       text34        00000
__Ltext36                                       text36        00000
__Ltext37                                       text37        00000
__Ltext38                                       text38        00000
__Ltext39                                       text39        00000
__Ltext4                                        text4         00000
__Ltext40                                       text40        00000
__Ltext41                                       text41        00000
__Ltext42                                       text42        00000
__Ltext43                                       text43        00000
__Ltext44                                       text44        00000
__Ltext45                                       text45        00000
__Ltext46                                       text46        00000
__Ltext47                                       text47        00000
__Ltext48                                       text48        00000
__Ltext49                                       text49        00000
__Ltext5                                        text5         00000
__Ltext50                                       text50        00000
__Ltext51                                       text51        00000
__Ltext52                                       text52        00000
__Ltext53                                       text53        00000
__Ltext54                                       text54        00000
__Ltext55                                       text55        00000
__Ltext56                                       text56        00000
__Ltext57                                       text57        00000
__Ltext58                                       text58        00000
__Ltext59                                       text59        00000
__Ltext6                                        text6         00000
__Ltext7                                        text7         00000
__Ltext8                                        text8         00000
__Ltext9                                        text9         00000
__S0                                            (abs)         024C4
__S1                                            (abs)         00120
__S4                                            (abs)         00000
___awdiv                                        text11        0192E
___awdiv@counter                                cstackBANK0   00064
___awdiv@dividend                               cstackBANK0   00060
___awdiv@divisor                                cstackBANK0   00062
___awdiv@quotient                               cstackBANK0   00066
___awdiv@sign                                   cstackBANK0   00065
___awmod                                        text10        01AB4
___awmod@counter                                cstackBANK0   00064
___awmod@dividend                               cstackBANK0   00060
___awmod@divisor                                cstackBANK0   00062
___awmod@sign                                   cstackBANK0   00065
___delay                                        text31        022E6
___delay@i                                      cstackBANK0   00063
___delay@time                                   cstackBANK0   00060
___extmem_base                                  (abs)         20000
___heap_hi                                      (abs)         00000
___heap_lo                                      (abs)         00000
___inthi_sp                                     stack         00000
___intlo_sp                                     stack         00000
___param_bank                                   (abs)         00000
___rparam_used                                  (abs)         00001
___sp                                           stack         00000
__accesstop                                     (abs)         00060
__activetblptr                                  (abs)         00003
__delay_ms                                      text23        0206C
__delay_ms@i                                    cstackBANK0   00063
__delay_ms@ms                                   cstackBANK0   00060
__delay_us                                      text30        02240
__delay_us@i                                    cstackBANK0   00063
__delay_us@us                                   cstackBANK0   00060
__end_of_ADC_GetConversion                      text34        02200
__end_of_ADC_Initialize                         text21        023E0
__end_of_EUSART1_DefaultErrorHandler            text56        024BC
__end_of_EUSART1_DefaultFramingErrorHandler     text55        024C4
__end_of_EUSART1_DefaultOverrunErrorHandler     text54        024B6
__end_of_EUSART1_Initialize                     text16        01D6C
__end_of_EUSART1_Read                           text58        01F88
__end_of_EUSART1_Receive_ISR                    text53        01AB4
__end_of_EUSART1_RxDataHandler                  text57        0239C
__end_of_EUSART1_SetErrorHandler                text20        02470
__end_of_EUSART1_SetFramingErrorHandler         text19        02462
__end_of_EUSART1_SetOverrunErrorHandler         text18        02454
__end_of_EUSART1_SetRxInterruptHandler          text17        02446
__end_of_EUSART1_Write                          text33        023B4
__end_of_INTERRUPT_Initialize                   text15        024C0
__end_of_INTERRUPT_InterruptManager             intcode       00082
__end_of_LCD_4bitCode                           text28        02404
__end_of_LCD_4bitCodeNoWait                     text32        01DD8
__end_of_LCD_8bitCode                           text26        023F2
__end_of_LCD_8bitCodeNoWait                     text27        01F38
__end_of_LCD_Clear                              text43        02372
__end_of_LCD_Code                               text25        0247E
__end_of_LCD_Init                               text22        01488
__end_of_LCD_MoveCursorLeft                     text41        0213C
__end_of_LCD_MoveCursorRight                    text40        020F8
__end_of_LCD_PrintChar                          text39        01CFA
__end_of_LCD_PrintStr                           text37        016B4
__end_of_LCD_SetCursorAt                        text24        0178C
__end_of_LCD_Wait                               text29        02438
__end_of_OSCILLATOR_Initialize                  text14        024B0
__end_of_PIN_MANAGER_Initialize                 text13        021C0
__end_of_PrintOnScreen                          text36        011B2
__end_of_SYSTEM_Initialize                      text12        023CA
__end_of___awdiv                                text11        019F4
__end_of___awmod                                text10        01B66
__end_of___delay                                text31        02318
__end_of__delay_ms                              text23        020B2
__end_of__delay_us                              text30        0227A
__end_of__initialization                        cinit         01FCC
__end_of_abs                                    text9         0217E
__end_of_dtoa                                   text4         0134C
__end_of_fputc                                  text7         0192E
__end_of_fputs                                  text6         0206C
__end_of_main                                   text0         01C08
__end_of_pad                                    text5         01C86
__end_of_putch                                  text8         024C2
__end_of_sprintf                                text1         01EE8
__end_of_strlen                                 text38        022B0
__end_of_vfpfcnvrt                              text3         015BE
__end_of_vfprintf                               text2         01E98
__end_ofi2_LCD_4bitCode                         text48        02428
__end_ofi2_LCD_4bitCodeNoWait                   text52        01E42
__end_ofi2_LCD_8bitCode                         text46        02416
__end_ofi2_LCD_8bitCodeNoWait                   text47        02024
__end_ofi2_LCD_Code                             text45        0248C
__end_ofi2_LCD_SetCursorAt                      text42        01862
__end_ofi2_LCD_Wait                             text49        0249A
__end_ofi2___delay                              text51        02348
__end_ofi2__delay_ms                            text44        02240
__end_ofi2__delay_us                            text50        022E6
__initialization                                cinit         01F88
__mediumconst                                   mediumconst   00000
__pbssBANK0                                     bssBANK0      000BB
__pbssBANK1                                     bssBANK1      00100
__pbssCOMRAM                                    bssCOMRAM     0002C
__pcinit                                        cinit         01F88
__pcstackBANK0                                  cstackBANK0   00060
__pcstackCOMRAM                                 cstackCOMRAM  00001
__pdataCOMRAM                                   dataCOMRAM    00047
__pidataCOMRAM                                  idataCOMRAM   0249A
__pintcode                                      intcode       00008
__pnvBANK0                                      nvBANK0       000E3
__pnvCOMRAM                                     nvCOMRAM      00053
__psmallconst                                   smallconst    01000
__ptext0                                        text0         01B66
__ptext1                                        text1         01E98
__ptext10                                       text10        01AB4
__ptext11                                       text11        0192E
__ptext12                                       text12        023B4
__ptext13                                       text13        0217E
__ptext14                                       text14        024A6
__ptext15                                       text15        024BC
__ptext16                                       text16        01CFA
__ptext17                                       text17        02438
__ptext18                                       text18        02446
__ptext19                                       text19        02454
__ptext2                                        text2         01E42
__ptext20                                       text20        02462
__ptext21                                       text21        023CA
__ptext22                                       text22        0134C
__ptext23                                       text23        0206C
__ptext24                                       text24        016B4
__ptext25                                       text25        02470
__ptext26                                       text26        023E0
__ptext27                                       text27        01EE8
__ptext28                                       text28        023F2
__ptext29                                       text29        02428
__ptext3                                        text3         01488
__ptext30                                       text30        02240
__ptext31                                       text31        022E6
__ptext32                                       text32        01D6C
__ptext33                                       text33        0239C
__ptext34                                       text34        021C0
__ptext36                                       text36        01006
__ptext37                                       text37        015BE
__ptext38                                       text38        0227A
__ptext39                                       text39        01C86
__ptext4                                        text4         011B2
__ptext40                                       text40        020B2
__ptext41                                       text41        020F8
__ptext42                                       text42        0178C
__ptext43                                       text43        02348
__ptext44                                       text44        02200
__ptext45                                       text45        0247E
__ptext46                                       text46        02404
__ptext47                                       text47        01FD6
__ptext48                                       text48        02416
__ptext49                                       text49        0248C
__ptext5                                        text5         01C08
__ptext50                                       text50        022B0
__ptext51                                       text51        02318
__ptext52                                       text52        01DD8
__ptext53                                       text53        019F4
__ptext54                                       text54        024B0
__ptext55                                       text55        024C2
__ptext56                                       text56        024B6
__ptext57                                       text57        02372
__ptext58                                       text58        01F38
__ptext59                                       text59        00000
__ptext6                                        text6         02024
__ptext7                                        text7         01862
__ptext8                                        text8         024C0
__ptext9                                        text9         0213C
__ramtop                                        ramtop        01000
__smallconst                                    smallconst    01000
_abs                                            text9         0213C
_command                                        bssBANK0      000C0
_dbuf                                           bssBANK1      00100
_dtoa                                           text4         011B2
_dtoa$2023                                      cstackBANK0   0007F
_eusart1RxBuffer                                bssCOMRAM     00034
_eusart1RxCount                                 bssCOMRAM     00044
_eusart1RxHead                                  bssCOMRAM     00046
_eusart1RxLastError                             bssCOMRAM     00043
_eusart1RxStatusBuffer                          bssCOMRAM     0002C
_eusart1RxTail                                  bssCOMRAM     00045
_flags                                          bssBANK0      000BF
_fputc                                          text7         01862
_fputs                                          text6         02024
_main                                           text0         01B66
_pad                                            text5         01C08
_prec                                           bssBANK0      000BD
_putch                                          text8         024C0
_sprintf                                        text1         01E98
_strlen                                         text38        0227A
_vfpfcnvrt                                      text3         01488
_vfprintf                                       text2         01E42
_width                                          bssBANK0      000BB
abs@a                                           cstackBANK0   00066
btemp                                           temp          00056
dtoa@d                                          cstackBANK0   0007D
dtoa@fp                                         cstackBANK0   0007B
dtoa@i                                          cstackBANK0   00086
dtoa@p                                          cstackBANK0   00081
dtoa@s                                          cstackBANK0   00085
dtoa@w                                          cstackBANK0   00083
end_of_initialization                           cinit         01FCC
fputc@c                                         cstackBANK0   00060
fputc@fp                                        cstackBANK0   00062
fputs@c                                         cstackBANK0   0006D
fputs@fp                                        cstackBANK0   0006B
fputs@i                                         cstackBANK0   0006E
fputs@s                                         cstackBANK0   00069
i2LCD_4bitCode@code                             cstackCOMRAM  00006
i2LCD_4bitCodeNoWait@code                       cstackCOMRAM  00001
i2LCD_8bitCode@code                             cstackCOMRAM  00006
i2LCD_8bitCodeNoWait@code                       cstackCOMRAM  00001
i2LCD_Code@code                                 cstackCOMRAM  00008
i2LCD_SetCursorAt@pos                           cstackCOMRAM  0000A
i2LCD_SetCursorAt@row                           cstackCOMRAM  0000C
i2_LCD_4bitCode                                 text48        02416
i2_LCD_4bitCodeNoWait                           text52        01DD8
i2_LCD_8bitCode                                 text46        02404
i2_LCD_8bitCodeNoWait                           text47        01FD6
i2_LCD_Code                                     text45        0247E
i2_LCD_SetCursorAt                              text42        0178C
i2_LCD_Wait                                     text49        0248C
i2___delay                                      text51        02318
i2___delay@i                                    cstackCOMRAM  00004
i2___delay@time                                 cstackCOMRAM  00001
i2__delay_ms                                    text44        02200
i2__delay_ms@i                                  cstackCOMRAM  00004
i2__delay_ms@ms                                 cstackCOMRAM  00001
i2__delay_us                                    text50        022B0
i2__delay_us@i                                  cstackCOMRAM  00004
i2__delay_us@us                                 cstackCOMRAM  00001
int$flags                                       temp          00056
intlevel0                                       text          00000
intlevel1                                       text          00000
intlevel2                                       text          00000
intlevel3                                       text          00000
isa$std                                         (abs)         00001
isa$xinst                                       (abs)         00000
main@PotValue                                   cstackBANK0   000B6
pad@buf                                         cstackBANK0   00072
pad@fp                                          cstackBANK0   00070
pad@i                                           cstackBANK0   00077
pad@p                                           cstackBANK0   00074
pad@w                                           cstackBANK0   00079
sprintf@ap                                      cstackBANK0   000A6
sprintf@f                                       cstackBANK0   000A8
sprintf@fmt                                     cstackBANK0   000A0
sprintf@s                                       cstackBANK0   0009E
stackhi                                         (abs)         00000
stacklo                                         (abs)         00000
start                                           init          00082
start_initialization                            cinit         01F88
strlen@a                                        cstackCOMRAM  00003
strlen@s                                        cstackCOMRAM  00001
ttemp5                                          temp          00057
ttemp6                                          temp          0005A
ttemp7                                          temp          0005E
vfpfcnvrt@ap                                    cstackBANK0   0008C
vfpfcnvrt@convarg                               cstackBANK0   00090
vfpfcnvrt@cp                                    cstackBANK0   00094
vfpfcnvrt@fmt                                   cstackBANK0   0008A
vfpfcnvrt@fp                                    cstackBANK0   00088
vfprintf@ap                                     cstackBANK0   0009A
vfprintf@cfmt                                   cstackBANK0   0009C
vfprintf@fmt                                    cstackBANK0   00098
vfprintf@fp                                     cstackBANK0   00096
wtemp8                                          temp          00057


MODULE INFORMATION

Module		Function		Class		Link	Load	Size
C:\Program Files\Microchip\xc8\v2.41\pic\sources\c99\common\awmod.c
		___awmod       		CODE           	1AB4	0000	178

C:\Program Files\Microchip\xc8\v2.41\pic\sources\c99\common\awmod.c estimated size: 178

mcc_generated_files/interrupt_manager.c
		_INTERRUPT_Initialize		CODE           	24BC	0000	4
		_INTERRUPT_InterruptManager		CODE           	0008	0000	122

mcc_generated_files/interrupt_manager.c estimated size: 126

C:\Program Files\Microchip\xc8\v2.41\pic\sources\c99\common\nf_fputc.c
		_fputc         		CODE           	1862	0000	204

C:\Program Files\Microchip\xc8\v2.41\pic\sources\c99\common\nf_fputc.c estimated size: 204

C:\Program Files\Microchip\xc8\v2.41\pic\sources\c99\common\strlen.c
		_strlen        		CODE           	227A	0000	54

C:\Program Files\Microchip\xc8\v2.41\pic\sources\c99\common\strlen.c estimated size: 54

C:\Program Files\Microchip\xc8\v2.41\pic\sources\c99\common\nf_sprintf.c
		_sprintf       		CODE           	1E98	0000	80

C:\Program Files\Microchip\xc8\v2.41\pic\sources\c99\common\nf_sprintf.c estimated size: 80

mcc_generated_files/pin_manager.c
		_PIN_MANAGER_Initialize		CODE           	217E	0000	66

mcc_generated_files/pin_manager.c estimated size: 66

C:\Program Files\Microchip\xc8\v2.41\pic\sources\c99\common\awdiv.c
		___awdiv       		CODE           	192E	0000	198

C:\Program Files\Microchip\xc8\v2.41\pic\sources\c99\common\awdiv.c estimated size: 198

mcc_generated_files/adc.c
		_ADC_Initialize		CODE           	23CA	0000	22
		_ADC_GetConversion		CODE           	21C0	0000	64

mcc_generated_files/adc.c estimated size: 86

C:\Program Files\Microchip\xc8\v2.41\pic\sources\c99\common\abs.c
		_abs           		CODE           	213C	0000	66

C:\Program Files\Microchip\xc8\v2.41\pic\sources\c99\common\abs.c estimated size: 66

C:\Program Files\Microchip\xc8\v2.41\pic\sources\c99\common\doprnt.c
		_vfpfcnvrt     		CODE           	1488	0000	310
		_pad           		CODE           	1C08	0000	126
		_dtoa          		CODE           	11B2	0000	410
		_vfprintf      		CODE           	1E42	0000	86

C:\Program Files\Microchip\xc8\v2.41\pic\sources\c99\common\doprnt.c estimated size: 932

LCD-library/LCD-library.c
		_LCD_Init      		CODE           	134C	0000	316
		_LCD_8bitCode  		CODE           	23E0	0000	18
		___delay       		CODE           	22E6	0000	50
		_LCD_4bitCode  		CODE           	23F2	0000	18
		_LCD_MoveCursorRight		CODE           	20B2	0000	70
		__delay_ms     		CODE           	206C	0000	70
		__delay_us     		CODE           	2240	0000	58
		_LCD_Clear     		CODE           	2348	0000	42
		_LCD_8bitCodeNoWait		CODE           	1EE8	0000	80
		_LCD_MoveCursorLeft		CODE           	20F8	0000	68
		_LCD_PrintStr  		CODE           	15BE	0000	246
		_LCD_PrintChar 		CODE           	1C86	0000	116
		_LCD_SetCursorAt		CODE           	16B4	0000	216
		_LCD_Code      		CODE           	2470	0000	14
		_LCD_4bitCodeNoWait		CODE           	1D6C	0000	108
		_LCD_Wait      		CODE           	2428	0000	16

LCD-library/LCD-library.c estimated size: 1506

shared
		i2_LCD_4bitCode		CODE           	2416	0000	18
		i2___delay     		CODE           	2318	0000	48
		i2_LCD_Code    		CODE           	247E	0000	14
		i2_LCD_8bitCodeNoWait		CODE           	1FD6	0000	78
		i2_LCD_SetCursorAt		CODE           	178C	0000	214
		i2_LCD_4bitCodeNoWait		CODE           	1DD8	0000	106
		__initialization		CODE           	1F88	0000	68
		i2__delay_ms   		CODE           	2200	0000	64
		i2__delay_us   		CODE           	22B0	0000	54
		i2_LCD_8bitCode		CODE           	2404	0000	18
		i2_LCD_Wait    		CODE           	248C	0000	14

shared estimated size: 696

mcc_generated_files/eusart1.c
		_EUSART1_SetRxInterruptHandler		CODE           	2438	0000	14
		_EUSART1_Initialize		CODE           	1CFA	0000	114
		_EUSART1_DefaultErrorHandler		CODE           	24B6	0000	6
		_PrintOnScreen 		CODE           	1006	0000	428
		_EUSART1_SetFramingErrorHandler		CODE           	2454	0000	14
		_EUSART1_Read  		CODE           	1F38	0000	80
		_EUSART1_SetOverrunErrorHandler		CODE           	2446	0000	14
		_EUSART1_SetErrorHandler		CODE           	2462	0000	14
		_EUSART1_Write 		CODE           	239C	0000	24
		_EUSART1_Receive_ISR		CODE           	19F4	0000	192
		_EUSART1_RxDataHandler		CODE           	2372	0000	42
		_EUSART1_DefaultOverrunErrorHandler		CODE           	24B0	0000	6
		_EUSART1_DefaultFramingErrorHandler		CODE           	24C2	0000	2

mcc_generated_files/eusart1.c estimated size: 950

mcc_generated_files/mcc.c
		_OSCILLATOR_Initialize		CODE           	24A6	0000	10
		_SYSTEM_Initialize		CODE           	23B4	0000	22

mcc_generated_files/mcc.c estimated size: 32

C:\Program Files\Microchip\xc8\v2.41\pic\sources\c99\common\putch.c
		_putch         		CODE           	24C0	0000	2

C:\Program Files\Microchip\xc8\v2.41\pic\sources\c99\common\putch.c estimated size: 2

C:\Program Files\Microchip\xc8\v2.41\pic\sources\c99\common\nf_fputs.c
		_fputs         		CODE           	2024	0000	72

C:\Program Files\Microchip\xc8\v2.41\pic\sources\c99\common\nf_fputs.c estimated size: 72

main.c
		_main          		CODE           	1B66	0000	162

main.c estimated size: 162

